MPLINK 4.48, Linker
Linker Map File - Created Mon Sep 02 15:56:48 2013

                                 Section Info
                  Section       Type    Address   Location Size(Bytes)
                ---------  ---------  ---------  ---------  ---------
               _entry_scn       code   0x000000    program   0x000006
                   .cinit    romdata   0x000006    program   0x000002
                   highPI       code   0x000008    program   0x000006
            .code_lcd16.o       code   0x00000e    program   0x00023a
             .code_main.o       code   0x000248    program   0x00014e
               _cinit_scn       code   0x000396    program   0x00009e
              D1KTCYXCODE       code   0x000434    program   0x000020
                    .code       code   0x000454    program   0x000020
             _startup_scn       code   0x000474    program   0x00001c
         .code_fxd0808u.o       code   0x000490    program   0x00001c
             .stringtable    romdata   0x0004ac    program   0x000009
          .romdata_main.o    romdata   0x0004b5    program   0x000000
          .idata_main.o_i    romdata   0x0004b5    program   0x000000
         .romdata_lcd16.o    romdata   0x0004b5    program   0x000000
         .idata_lcd16.o_i    romdata   0x0004b5    program   0x000000
      .idata_fxd0808u.o_i    romdata   0x0004b5    program   0x000000
      .romdata_fxd0808u.o    romdata   0x0004b5    program   0x000000
         .romdata_c018i.o    romdata   0x0004b5    program   0x000000
        .idata___init.o_i    romdata   0x0004b5    program   0x000000
        .romdata___init.o    romdata   0x0004b5    program   0x000000
         .idata_c018i.o_i    romdata   0x0004b5    program   0x000000
            .code_c018i.o       code   0x0004b6    program   0x000000
           .code___init.o       code   0x0004b6    program   0x000002
    .config_300001_main.o    romdata   0x300001    program   0x000001
    .config_300002_main.o    romdata   0x300002    program   0x000001
    .config_300003_main.o    romdata   0x300003    program   0x000001
    .config_300006_main.o    romdata   0x300006    program   0x000001
                MATH_DATA      udata   0x000000       data   0x000010
                 .tmpdata      udata   0x000010       data   0x000002
                DELAYDAT1      udata   0x000012       data   0x000001
           .udata_c018i.o      udata   0x000060       data   0x00000a
            .udata_main.o      udata   0x00006a       data   0x000002
           .idata_c018i.o      idata   0x00006c       data   0x000000
           .udata_lcd16.o      udata   0x00006c       data   0x000000
           .idata_lcd16.o      idata   0x00006c       data   0x000000
            .idata_main.o      idata   0x00006c       data   0x000000
          .idata___init.o      idata   0x00006c       data   0x000000
          .udata___init.o      udata   0x00006c       data   0x000000
        .idata_fxd0808u.o      idata   0x00006c       data   0x000000
        .udata_fxd0808u.o      udata   0x00006c       data   0x000000
                   .stack      udata   0x000500       data   0x000100
              SFR_BANKED0      udata   0x000f00       data   0x00002f
              SFR_BANKED1      udata   0x000f30       data   0x00000f
              SFR_BANKED2      udata   0x000f40       data   0x00000f
              SFR_BANKED3      udata   0x000f50       data   0x00000f
            SFR_UNBANKED0      udata   0x000f60       data   0x000017
            SFR_UNBANKED1      udata   0x000f80       data   0x000080



                              Program Memory Usage 
                               Start         End      
                           ---------   ---------      
                            0x000000    0x0004b4      
                            0x0004b6    0x0004b7      
                            0x300001    0x300003      
                            0x300006    0x300006      
            1211 out of 33048 program addresses used, program memory utilization is 3%



                              Symbols - Sorted by Name
                     Name    Address   Location    Storage File                     
                ---------  ---------  ---------  --------- ---------                
                    D1K_1   0x000440    program     static E:\c18v3.46\pic18-lt\cxx-framework\src\traditional\delays\d1ktcyx.asm
                     D1Kx   0x00043e    program     static E:\c18v3.46\pic18-lt\cxx-framework\src\traditional\delays\d1ktcyx.asm
              Delay1KTCYx   0x000434    program     extern E:\c18v3.46\pic18-lt\cxx-framework\src\traditional\delays\d1ktcyx.asm
                 FXD0808U   0x000490    program     extern E:\c18v3.46\pic18-lt\cxx-framework\src\traditional\math\fxd0808u.c
        _D1KTCYXCODE_0010   0x000444    program     static E:\c18v3.46\pic18-lt\cxx-framework\src\traditional\delays\d1ktcyx.asm
        _D1KTCYXCODE_0016   0x00044a    program     static E:\c18v3.46\pic18-lt\cxx-framework\src\traditional\delays\d1ktcyx.asm
       ___return_lbl00000   0x0004aa    program     static                          
       ___return_lbl00000   0x000004    program     static                          
       ___return_lbl00000   0x00000c    program     static                          
       ___return_lbl00001   0x00048e    program     static                          
       ___return_lbl00002   0x000432    program     static                          
               __config_0   0x300001    program     static C:\Users\Gaurav\Desktop\New folder (2)\main.c
               __config_1   0x300002    program     static C:\Users\Gaurav\Desktop\New folder (2)\main.c
               __config_2   0x300003    program     static C:\Users\Gaurav\Desktop\New folder (2)\main.c
               __config_3   0x300006    program     static C:\Users\Gaurav\Desktop\New folder (2)\main.c
                   __init   0x0004b6    program     extern E:\c18v3.46\pic18-lt\cxx-framework\src\traditional\stdclib\__init.c
               __string_0   0x0004ac    program     static C:\Users\Gaurav\Desktop\New folder (2)\main.c
            __zero_memory   0x000454    program     extern E:\c18v3.46\pic18-lt\cxx-framework\src\traditional\proc\p18f458.asm
                _do_cinit   0x000396    program     extern E:\c18v3.46\pic18-lt\cxx-framework\src\traditional\startup\c018i.c
                   _entry   0x000000    program     extern E:\c18v3.46\pic18-lt\cxx-framework\src\traditional\startup\c018i.c
                 _startup   0x000474    program     extern E:\c18v3.46\pic18-lt\cxx-framework\src\traditional\startup\c018i.c
                  callISR   0x000248    program     extern C:\Users\Gaurav\Desktop\New folder (2)\main.c
                 clearLcd   0x0001d0    program     extern C:\Users\Gaurav\Desktop\New folder (2)\lcd16.c
                compare_l   0x00046a    program     static E:\c18v3.46\pic18-lt\cxx-framework\src\traditional\proc\p18f458.asm
                copy_loop   0x000408    program     static                          
            copy_one_byte   0x00040e    program     static                          
                     done   0x000432    program     static                          
             done_copying   0x00041c    program     static                          
                  endloop   0x0004a6    program     static                          
                   gotoXy   0x000148    program     extern C:\Users\Gaurav\Desktop\New folder (2)\lcd16.c
                   highPI   0x000008    program     extern C:\Users\Gaurav\Desktop\New folder (2)\main.c
                   lcdCmd   0x00000e    program     extern C:\Users\Gaurav\Desktop\New folder (2)\lcd16.c
                  lcdData   0x00004c    program     extern C:\Users\Gaurav\Desktop\New folder (2)\lcd16.c
                  lcdInit   0x00008c    program     extern C:\Users\Gaurav\Desktop\New folder (2)\lcd16.c
                     loop   0x000498    program     static                          
                     loop   0x000484    program     static                          
                   loop_h   0x000462    program     static E:\c18v3.46\pic18-lt\cxx-framework\src\traditional\proc\p18f458.asm
                   loop_l   0x00046c    program     static E:\c18v3.46\pic18-lt\cxx-framework\src\traditional\proc\p18f458.asm
                     main   0x0002de    program     extern C:\Users\Gaurav\Desktop\New folder (2)\main.c
                 numToLcd   0x0001da    program     extern C:\Users\Gaurav\Desktop\New folder (2)\lcd16.c
                 pbchange   0x000310    program     extern C:\Users\Gaurav\Desktop\New folder (2)\main.c
                   prints   0x000180    program     extern C:\Users\Gaurav\Desktop\New folder (2)\lcd16.c
                     test   0x0003b0    program     static                          
                  waitLcd   0x00011a    program     extern C:\Users\Gaurav\Desktop\New folder (2)\lcd16.c
               zero_block   0x000462    program     static E:\c18v3.46\pic18-lt\cxx-framework\src\traditional\proc\p18f458.asm
                   ADCON0   0x000fc2       data     extern E:\c18v3.46\pic18-lt\cxx-framework\src\traditional\proc\p18f458.asm
               ADCON0bits   0x000fc2       data     extern E:\c18v3.46\pic18-lt\cxx-framework\src\traditional\proc\p18f458.asm
                   ADCON1   0x000fc1       data     extern E:\c18v3.46\pic18-lt\cxx-framework\src\traditional\proc\p18f458.asm
               ADCON1bits   0x000fc1       data     extern E:\c18v3.46\pic18-lt\cxx-framework\src\traditional\proc\p18f458.asm
                    ADRES   0x000fc3       data     extern E:\c18v3.46\pic18-lt\cxx-framework\src\traditional\proc\p18f458.asm
                   ADRESH   0x000fc4       data     extern E:\c18v3.46\pic18-lt\cxx-framework\src\traditional\proc\p18f458.asm
                   ADRESL   0x000fc3       data     extern E:\c18v3.46\pic18-lt\cxx-framework\src\traditional\proc\p18f458.asm
                  BRGCON1   0x000f70       data     extern E:\c18v3.46\pic18-lt\cxx-framework\src\traditional\proc\p18f458.asm
              BRGCON1bits   0x000f70       data     extern E:\c18v3.46\pic18-lt\cxx-framework\src\traditional\proc\p18f458.asm
                  BRGCON2   0x000f71       data     extern E:\c18v3.46\pic18-lt\cxx-framework\src\traditional\proc\p18f458.asm
              BRGCON2bits   0x000f71       data     extern E:\c18v3.46\pic18-lt\cxx-framework\src\traditional\proc\p18f458.asm
                  BRGCON3   0x000f72       data     extern E:\c18v3.46\pic18-lt\cxx-framework\src\traditional\proc\p18f458.asm
              BRGCON3bits   0x000f72       data     extern E:\c18v3.46\pic18-lt\cxx-framework\src\traditional\proc\p18f458.asm
                      BSR   0x000fe0       data     extern E:\c18v3.46\pic18-lt\cxx-framework\src\traditional\proc\p18f458.asm
                   CANCON   0x000f6f       data     extern E:\c18v3.46\pic18-lt\cxx-framework\src\traditional\proc\p18f458.asm
               CANCONbits   0x000f6f       data     extern E:\c18v3.46\pic18-lt\cxx-framework\src\traditional\proc\p18f458.asm
                  CANSTAT   0x000f6e       data     extern E:\c18v3.46\pic18-lt\cxx-framework\src\traditional\proc\p18f458.asm
               CANSTATRO1   0x000f5e       data     extern E:\c18v3.46\pic18-lt\cxx-framework\src\traditional\proc\p18f458.asm
           CANSTATRO1bits   0x000f5e       data     extern E:\c18v3.46\pic18-lt\cxx-framework\src\traditional\proc\p18f458.asm
               CANSTATRO2   0x000f4e       data     extern E:\c18v3.46\pic18-lt\cxx-framework\src\traditional\proc\p18f458.asm
           CANSTATRO2bits   0x000f4e       data     extern E:\c18v3.46\pic18-lt\cxx-framework\src\traditional\proc\p18f458.asm
               CANSTATRO3   0x000f3e       data     extern E:\c18v3.46\pic18-lt\cxx-framework\src\traditional\proc\p18f458.asm
           CANSTATRO3bits   0x000f3e       data     extern E:\c18v3.46\pic18-lt\cxx-framework\src\traditional\proc\p18f458.asm
               CANSTATRO4   0x000f2e       data     extern E:\c18v3.46\pic18-lt\cxx-framework\src\traditional\proc\p18f458.asm
           CANSTATRO4bits   0x000f2e       data     extern E:\c18v3.46\pic18-lt\cxx-framework\src\traditional\proc\p18f458.asm
              CANSTATbits   0x000f6e       data     extern E:\c18v3.46\pic18-lt\cxx-framework\src\traditional\proc\p18f458.asm
                  CCP1CON   0x000fbd       data     extern E:\c18v3.46\pic18-lt\cxx-framework\src\traditional\proc\p18f458.asm
              CCP1CONbits   0x000fbd       data     extern E:\c18v3.46\pic18-lt\cxx-framework\src\traditional\proc\p18f458.asm
                    CCPR1   0x000fbe       data     extern E:\c18v3.46\pic18-lt\cxx-framework\src\traditional\proc\p18f458.asm
                   CCPR1H   0x000fbf       data     extern E:\c18v3.46\pic18-lt\cxx-framework\src\traditional\proc\p18f458.asm
                   CCPR1L   0x000fbe       data     extern E:\c18v3.46\pic18-lt\cxx-framework\src\traditional\proc\p18f458.asm
                   CIOCON   0x000f73       data     extern E:\c18v3.46\pic18-lt\cxx-framework\src\traditional\proc\p18f458.asm
               CIOCONbits   0x000f73       data     extern E:\c18v3.46\pic18-lt\cxx-framework\src\traditional\proc\p18f458.asm
                    CMCON   0x000fb4       data     extern E:\c18v3.46\pic18-lt\cxx-framework\src\traditional\proc\p18f458.asm
                CMCONbits   0x000fb4       data     extern E:\c18v3.46\pic18-lt\cxx-framework\src\traditional\proc\p18f458.asm
                  COMSTAT   0x000f74       data     extern E:\c18v3.46\pic18-lt\cxx-framework\src\traditional\proc\p18f458.asm
              COMSTATbits   0x000f74       data     extern E:\c18v3.46\pic18-lt\cxx-framework\src\traditional\proc\p18f458.asm
                   CVRCON   0x000fb5       data     extern E:\c18v3.46\pic18-lt\cxx-framework\src\traditional\proc\p18f458.asm
               CVRCONbits   0x000fb5       data     extern E:\c18v3.46\pic18-lt\cxx-framework\src\traditional\proc\p18f458.asm
                     DDRA   0x000f92       data     extern E:\c18v3.46\pic18-lt\cxx-framework\src\traditional\proc\p18f458.asm
                 DDRAbits   0x000f92       data     extern E:\c18v3.46\pic18-lt\cxx-framework\src\traditional\proc\p18f458.asm
                     DDRB   0x000f93       data     extern E:\c18v3.46\pic18-lt\cxx-framework\src\traditional\proc\p18f458.asm
                 DDRBbits   0x000f93       data     extern E:\c18v3.46\pic18-lt\cxx-framework\src\traditional\proc\p18f458.asm
                     DDRC   0x000f94       data     extern E:\c18v3.46\pic18-lt\cxx-framework\src\traditional\proc\p18f458.asm
                 DDRCbits   0x000f94       data     extern E:\c18v3.46\pic18-lt\cxx-framework\src\traditional\proc\p18f458.asm
                     DDRD   0x000f95       data     extern E:\c18v3.46\pic18-lt\cxx-framework\src\traditional\proc\p18f458.asm
                 DDRDbits   0x000f95       data     extern E:\c18v3.46\pic18-lt\cxx-framework\src\traditional\proc\p18f458.asm
                     DDRE   0x000f96       data     extern E:\c18v3.46\pic18-lt\cxx-framework\src\traditional\proc\p18f458.asm
                 DDREbits   0x000f96       data     extern E:\c18v3.46\pic18-lt\cxx-framework\src\traditional\proc\p18f458.asm
            DelayCounter1   0x000012       data     extern E:\c18v3.46\pic18-lt\cxx-framework\src\traditional\delays\delayd1.asm
                 ECCP1CON   0x000fba       data     extern E:\c18v3.46\pic18-lt\cxx-framework\src\traditional\proc\p18f458.asm
             ECCP1CONbits   0x000fba       data     extern E:\c18v3.46\pic18-lt\cxx-framework\src\traditional\proc\p18f458.asm
                 ECCP1DEL   0x000fb7       data     extern E:\c18v3.46\pic18-lt\cxx-framework\src\traditional\proc\p18f458.asm
             ECCP1DELbits   0x000fb7       data     extern E:\c18v3.46\pic18-lt\cxx-framework\src\traditional\proc\p18f458.asm
                   ECCPAS   0x000fb6       data     extern E:\c18v3.46\pic18-lt\cxx-framework\src\traditional\proc\p18f458.asm
               ECCPASbits   0x000fb6       data     extern E:\c18v3.46\pic18-lt\cxx-framework\src\traditional\proc\p18f458.asm
                   ECCPR1   0x000fbb       data     extern E:\c18v3.46\pic18-lt\cxx-framework\src\traditional\proc\p18f458.asm
                  ECCPR1H   0x000fbc       data     extern E:\c18v3.46\pic18-lt\cxx-framework\src\traditional\proc\p18f458.asm
                  ECCPR1L   0x000fbb       data     extern E:\c18v3.46\pic18-lt\cxx-framework\src\traditional\proc\p18f458.asm
                    EEADR   0x000fa9       data     extern E:\c18v3.46\pic18-lt\cxx-framework\src\traditional\proc\p18f458.asm
                   EECON1   0x000fa6       data     extern E:\c18v3.46\pic18-lt\cxx-framework\src\traditional\proc\p18f458.asm
               EECON1bits   0x000fa6       data     extern E:\c18v3.46\pic18-lt\cxx-framework\src\traditional\proc\p18f458.asm
                   EECON2   0x000fa7       data     extern E:\c18v3.46\pic18-lt\cxx-framework\src\traditional\proc\p18f458.asm
                   EEDATA   0x000fa8       data     extern E:\c18v3.46\pic18-lt\cxx-framework\src\traditional\proc\p18f458.asm
                     FSR0   0x000fe9       data     extern E:\c18v3.46\pic18-lt\cxx-framework\src\traditional\proc\p18f458.asm
                    FSR0H   0x000fea       data     extern E:\c18v3.46\pic18-lt\cxx-framework\src\traditional\proc\p18f458.asm
                    FSR0L   0x000fe9       data     extern E:\c18v3.46\pic18-lt\cxx-framework\src\traditional\proc\p18f458.asm
                     FSR1   0x000fe1       data     extern E:\c18v3.46\pic18-lt\cxx-framework\src\traditional\proc\p18f458.asm
                    FSR1H   0x000fe2       data     extern E:\c18v3.46\pic18-lt\cxx-framework\src\traditional\proc\p18f458.asm
                    FSR1L   0x000fe1       data     extern E:\c18v3.46\pic18-lt\cxx-framework\src\traditional\proc\p18f458.asm
                     FSR2   0x000fd9       data     extern E:\c18v3.46\pic18-lt\cxx-framework\src\traditional\proc\p18f458.asm
                    FSR2H   0x000fda       data     extern E:\c18v3.46\pic18-lt\cxx-framework\src\traditional\proc\p18f458.asm
                    FSR2L   0x000fd9       data     extern E:\c18v3.46\pic18-lt\cxx-framework\src\traditional\proc\p18f458.asm
                    INDF0   0x000fef       data     extern E:\c18v3.46\pic18-lt\cxx-framework\src\traditional\proc\p18f458.asm
                    INDF1   0x000fe7       data     extern E:\c18v3.46\pic18-lt\cxx-framework\src\traditional\proc\p18f458.asm
                    INDF2   0x000fdf       data     extern E:\c18v3.46\pic18-lt\cxx-framework\src\traditional\proc\p18f458.asm
                   INTCON   0x000ff2       data     extern E:\c18v3.46\pic18-lt\cxx-framework\src\traditional\proc\p18f458.asm
                  INTCON1   0x000ff2       data     extern E:\c18v3.46\pic18-lt\cxx-framework\src\traditional\proc\p18f458.asm
              INTCON1bits   0x000ff2       data     extern E:\c18v3.46\pic18-lt\cxx-framework\src\traditional\proc\p18f458.asm
                  INTCON2   0x000ff1       data     extern E:\c18v3.46\pic18-lt\cxx-framework\src\traditional\proc\p18f458.asm
              INTCON2bits   0x000ff1       data     extern E:\c18v3.46\pic18-lt\cxx-framework\src\traditional\proc\p18f458.asm
                  INTCON3   0x000ff0       data     extern E:\c18v3.46\pic18-lt\cxx-framework\src\traditional\proc\p18f458.asm
              INTCON3bits   0x000ff0       data     extern E:\c18v3.46\pic18-lt\cxx-framework\src\traditional\proc\p18f458.asm
               INTCONbits   0x000ff2       data     extern E:\c18v3.46\pic18-lt\cxx-framework\src\traditional\proc\p18f458.asm
                     IPR1   0x000f9f       data     extern E:\c18v3.46\pic18-lt\cxx-framework\src\traditional\proc\p18f458.asm
                 IPR1bits   0x000f9f       data     extern E:\c18v3.46\pic18-lt\cxx-framework\src\traditional\proc\p18f458.asm
                     IPR2   0x000fa2       data     extern E:\c18v3.46\pic18-lt\cxx-framework\src\traditional\proc\p18f458.asm
                 IPR2bits   0x000fa2       data     extern E:\c18v3.46\pic18-lt\cxx-framework\src\traditional\proc\p18f458.asm
                     IPR3   0x000fa5       data     extern E:\c18v3.46\pic18-lt\cxx-framework\src\traditional\proc\p18f458.asm
                 IPR3bits   0x000fa5       data     extern E:\c18v3.46\pic18-lt\cxx-framework\src\traditional\proc\p18f458.asm
                     LATA   0x000f89       data     extern E:\c18v3.46\pic18-lt\cxx-framework\src\traditional\proc\p18f458.asm
                 LATAbits   0x000f89       data     extern E:\c18v3.46\pic18-lt\cxx-framework\src\traditional\proc\p18f458.asm
                     LATB   0x000f8a       data     extern E:\c18v3.46\pic18-lt\cxx-framework\src\traditional\proc\p18f458.asm
                 LATBbits   0x000f8a       data     extern E:\c18v3.46\pic18-lt\cxx-framework\src\traditional\proc\p18f458.asm
                     LATC   0x000f8b       data     extern E:\c18v3.46\pic18-lt\cxx-framework\src\traditional\proc\p18f458.asm
                 LATCbits   0x000f8b       data     extern E:\c18v3.46\pic18-lt\cxx-framework\src\traditional\proc\p18f458.asm
                     LATD   0x000f8c       data     extern E:\c18v3.46\pic18-lt\cxx-framework\src\traditional\proc\p18f458.asm
                 LATDbits   0x000f8c       data     extern E:\c18v3.46\pic18-lt\cxx-framework\src\traditional\proc\p18f458.asm
                     LATE   0x000f8d       data     extern E:\c18v3.46\pic18-lt\cxx-framework\src\traditional\proc\p18f458.asm
                 LATEbits   0x000f8d       data     extern E:\c18v3.46\pic18-lt\cxx-framework\src\traditional\proc\p18f458.asm
                   LVDCON   0x000fd2       data     extern E:\c18v3.46\pic18-lt\cxx-framework\src\traditional\proc\p18f458.asm
               LVDCONbits   0x000fd2       data     extern E:\c18v3.46\pic18-lt\cxx-framework\src\traditional\proc\p18f458.asm
                   OSCCON   0x000fd3       data     extern E:\c18v3.46\pic18-lt\cxx-framework\src\traditional\proc\p18f458.asm
               OSCCONbits   0x000fd3       data     extern E:\c18v3.46\pic18-lt\cxx-framework\src\traditional\proc\p18f458.asm
                       PC   0x000ff9       data     extern E:\c18v3.46\pic18-lt\cxx-framework\src\traditional\proc\p18f458.asm
                      PCL   0x000ff9       data     extern E:\c18v3.46\pic18-lt\cxx-framework\src\traditional\proc\p18f458.asm
                   PCLATH   0x000ffa       data     extern E:\c18v3.46\pic18-lt\cxx-framework\src\traditional\proc\p18f458.asm
                   PCLATU   0x000ffb       data     extern E:\c18v3.46\pic18-lt\cxx-framework\src\traditional\proc\p18f458.asm
                     PIE1   0x000f9d       data     extern E:\c18v3.46\pic18-lt\cxx-framework\src\traditional\proc\p18f458.asm
                 PIE1bits   0x000f9d       data     extern E:\c18v3.46\pic18-lt\cxx-framework\src\traditional\proc\p18f458.asm
                     PIE2   0x000fa0       data     extern E:\c18v3.46\pic18-lt\cxx-framework\src\traditional\proc\p18f458.asm
                 PIE2bits   0x000fa0       data     extern E:\c18v3.46\pic18-lt\cxx-framework\src\traditional\proc\p18f458.asm
                     PIE3   0x000fa3       data     extern E:\c18v3.46\pic18-lt\cxx-framework\src\traditional\proc\p18f458.asm
                 PIE3bits   0x000fa3       data     extern E:\c18v3.46\pic18-lt\cxx-framework\src\traditional\proc\p18f458.asm
                     PIR1   0x000f9e       data     extern E:\c18v3.46\pic18-lt\cxx-framework\src\traditional\proc\p18f458.asm
                 PIR1bits   0x000f9e       data     extern E:\c18v3.46\pic18-lt\cxx-framework\src\traditional\proc\p18f458.asm
                     PIR2   0x000fa1       data     extern E:\c18v3.46\pic18-lt\cxx-framework\src\traditional\proc\p18f458.asm
                 PIR2bits   0x000fa1       data     extern E:\c18v3.46\pic18-lt\cxx-framework\src\traditional\proc\p18f458.asm
                     PIR3   0x000fa4       data     extern E:\c18v3.46\pic18-lt\cxx-framework\src\traditional\proc\p18f458.asm
                 PIR3bits   0x000fa4       data     extern E:\c18v3.46\pic18-lt\cxx-framework\src\traditional\proc\p18f458.asm
                   PLUSW0   0x000feb       data     extern E:\c18v3.46\pic18-lt\cxx-framework\src\traditional\proc\p18f458.asm
                   PLUSW1   0x000fe3       data     extern E:\c18v3.46\pic18-lt\cxx-framework\src\traditional\proc\p18f458.asm
                   PLUSW2   0x000fdb       data     extern E:\c18v3.46\pic18-lt\cxx-framework\src\traditional\proc\p18f458.asm
                    PORTA   0x000f80       data     extern E:\c18v3.46\pic18-lt\cxx-framework\src\traditional\proc\p18f458.asm
                PORTAbits   0x000f80       data     extern E:\c18v3.46\pic18-lt\cxx-framework\src\traditional\proc\p18f458.asm
                    PORTB   0x000f81       data     extern E:\c18v3.46\pic18-lt\cxx-framework\src\traditional\proc\p18f458.asm
                PORTBbits   0x000f81       data     extern E:\c18v3.46\pic18-lt\cxx-framework\src\traditional\proc\p18f458.asm
                    PORTC   0x000f82       data     extern E:\c18v3.46\pic18-lt\cxx-framework\src\traditional\proc\p18f458.asm
                PORTCbits   0x000f82       data     extern E:\c18v3.46\pic18-lt\cxx-framework\src\traditional\proc\p18f458.asm
                    PORTD   0x000f83       data     extern E:\c18v3.46\pic18-lt\cxx-framework\src\traditional\proc\p18f458.asm
                PORTDbits   0x000f83       data     extern E:\c18v3.46\pic18-lt\cxx-framework\src\traditional\proc\p18f458.asm
                    PORTE   0x000f84       data     extern E:\c18v3.46\pic18-lt\cxx-framework\src\traditional\proc\p18f458.asm
                PORTEbits   0x000f84       data     extern E:\c18v3.46\pic18-lt\cxx-framework\src\traditional\proc\p18f458.asm
                 POSTDEC0   0x000fed       data     extern E:\c18v3.46\pic18-lt\cxx-framework\src\traditional\proc\p18f458.asm
                 POSTDEC1   0x000fe5       data     extern E:\c18v3.46\pic18-lt\cxx-framework\src\traditional\proc\p18f458.asm
                 POSTDEC2   0x000fdd       data     extern E:\c18v3.46\pic18-lt\cxx-framework\src\traditional\proc\p18f458.asm
                 POSTINC0   0x000fee       data     extern E:\c18v3.46\pic18-lt\cxx-framework\src\traditional\proc\p18f458.asm
                 POSTINC1   0x000fe6       data     extern E:\c18v3.46\pic18-lt\cxx-framework\src\traditional\proc\p18f458.asm
                 POSTINC2   0x000fde       data     extern E:\c18v3.46\pic18-lt\cxx-framework\src\traditional\proc\p18f458.asm
                      PR2   0x000fcb       data     extern E:\c18v3.46\pic18-lt\cxx-framework\src\traditional\proc\p18f458.asm
                  PREINC0   0x000fec       data     extern E:\c18v3.46\pic18-lt\cxx-framework\src\traditional\proc\p18f458.asm
                  PREINC1   0x000fe4       data     extern E:\c18v3.46\pic18-lt\cxx-framework\src\traditional\proc\p18f458.asm
                  PREINC2   0x000fdc       data     extern E:\c18v3.46\pic18-lt\cxx-framework\src\traditional\proc\p18f458.asm
                     PROD   0x000ff3       data     extern E:\c18v3.46\pic18-lt\cxx-framework\src\traditional\proc\p18f458.asm
                    PRODH   0x000ff4       data     extern E:\c18v3.46\pic18-lt\cxx-framework\src\traditional\proc\p18f458.asm
                    PRODL   0x000ff3       data     extern E:\c18v3.46\pic18-lt\cxx-framework\src\traditional\proc\p18f458.asm
                     RCON   0x000fd0       data     extern E:\c18v3.46\pic18-lt\cxx-framework\src\traditional\proc\p18f458.asm
                 RCONbits   0x000fd0       data     extern E:\c18v3.46\pic18-lt\cxx-framework\src\traditional\proc\p18f458.asm
                    RCREG   0x000fae       data     extern E:\c18v3.46\pic18-lt\cxx-framework\src\traditional\proc\p18f458.asm
                    RCSTA   0x000fab       data     extern E:\c18v3.46\pic18-lt\cxx-framework\src\traditional\proc\p18f458.asm
                RCSTAbits   0x000fab       data     extern E:\c18v3.46\pic18-lt\cxx-framework\src\traditional\proc\p18f458.asm
                  RXB0CON   0x000f60       data     extern E:\c18v3.46\pic18-lt\cxx-framework\src\traditional\proc\p18f458.asm
              RXB0CONbits   0x000f60       data     extern E:\c18v3.46\pic18-lt\cxx-framework\src\traditional\proc\p18f458.asm
                   RXB0D0   0x000f66       data     extern E:\c18v3.46\pic18-lt\cxx-framework\src\traditional\proc\p18f458.asm
               RXB0D0bits   0x000f66       data     extern E:\c18v3.46\pic18-lt\cxx-framework\src\traditional\proc\p18f458.asm
                   RXB0D1   0x000f67       data     extern E:\c18v3.46\pic18-lt\cxx-framework\src\traditional\proc\p18f458.asm
               RXB0D1bits   0x000f67       data     extern E:\c18v3.46\pic18-lt\cxx-framework\src\traditional\proc\p18f458.asm
                   RXB0D2   0x000f68       data     extern E:\c18v3.46\pic18-lt\cxx-framework\src\traditional\proc\p18f458.asm
               RXB0D2bits   0x000f68       data     extern E:\c18v3.46\pic18-lt\cxx-framework\src\traditional\proc\p18f458.asm
                   RXB0D3   0x000f69       data     extern E:\c18v3.46\pic18-lt\cxx-framework\src\traditional\proc\p18f458.asm
               RXB0D3bits   0x000f69       data     extern E:\c18v3.46\pic18-lt\cxx-framework\src\traditional\proc\p18f458.asm
                   RXB0D4   0x000f6a       data     extern E:\c18v3.46\pic18-lt\cxx-framework\src\traditional\proc\p18f458.asm
               RXB0D4bits   0x000f6a       data     extern E:\c18v3.46\pic18-lt\cxx-framework\src\traditional\proc\p18f458.asm
                   RXB0D5   0x000f6b       data     extern E:\c18v3.46\pic18-lt\cxx-framework\src\traditional\proc\p18f458.asm
               RXB0D5bits   0x000f6b       data     extern E:\c18v3.46\pic18-lt\cxx-framework\src\traditional\proc\p18f458.asm
                   RXB0D6   0x000f6c       data     extern E:\c18v3.46\pic18-lt\cxx-framework\src\traditional\proc\p18f458.asm
               RXB0D6bits   0x000f6c       data     extern E:\c18v3.46\pic18-lt\cxx-framework\src\traditional\proc\p18f458.asm
                   RXB0D7   0x000f6d       data     extern E:\c18v3.46\pic18-lt\cxx-framework\src\traditional\proc\p18f458.asm
               RXB0D7bits   0x000f6d       data     extern E:\c18v3.46\pic18-lt\cxx-framework\src\traditional\proc\p18f458.asm
                  RXB0DLC   0x000f65       data     extern E:\c18v3.46\pic18-lt\cxx-framework\src\traditional\proc\p18f458.asm
              RXB0DLCbits   0x000f65       data     extern E:\c18v3.46\pic18-lt\cxx-framework\src\traditional\proc\p18f458.asm
                 RXB0EIDH   0x000f63       data     extern E:\c18v3.46\pic18-lt\cxx-framework\src\traditional\proc\p18f458.asm
             RXB0EIDHbits   0x000f63       data     extern E:\c18v3.46\pic18-lt\cxx-framework\src\traditional\proc\p18f458.asm
                 RXB0EIDL   0x000f64       data     extern E:\c18v3.46\pic18-lt\cxx-framework\src\traditional\proc\p18f458.asm
             RXB0EIDLbits   0x000f64       data     extern E:\c18v3.46\pic18-lt\cxx-framework\src\traditional\proc\p18f458.asm
                 RXB0SIDH   0x000f61       data     extern E:\c18v3.46\pic18-lt\cxx-framework\src\traditional\proc\p18f458.asm
             RXB0SIDHbits   0x000f61       data     extern E:\c18v3.46\pic18-lt\cxx-framework\src\traditional\proc\p18f458.asm
                 RXB0SIDL   0x000f62       data     extern E:\c18v3.46\pic18-lt\cxx-framework\src\traditional\proc\p18f458.asm
             RXB0SIDLbits   0x000f62       data     extern E:\c18v3.46\pic18-lt\cxx-framework\src\traditional\proc\p18f458.asm
                  RXB1CON   0x000f50       data     extern E:\c18v3.46\pic18-lt\cxx-framework\src\traditional\proc\p18f458.asm
              RXB1CONbits   0x000f50       data     extern E:\c18v3.46\pic18-lt\cxx-framework\src\traditional\proc\p18f458.asm
                   RXB1D0   0x000f56       data     extern E:\c18v3.46\pic18-lt\cxx-framework\src\traditional\proc\p18f458.asm
               RXB1D0bits   0x000f56       data     extern E:\c18v3.46\pic18-lt\cxx-framework\src\traditional\proc\p18f458.asm
                   RXB1D1   0x000f57       data     extern E:\c18v3.46\pic18-lt\cxx-framework\src\traditional\proc\p18f458.asm
               RXB1D1bits   0x000f57       data     extern E:\c18v3.46\pic18-lt\cxx-framework\src\traditional\proc\p18f458.asm
                   RXB1D2   0x000f58       data     extern E:\c18v3.46\pic18-lt\cxx-framework\src\traditional\proc\p18f458.asm
               RXB1D2bits   0x000f58       data     extern E:\c18v3.46\pic18-lt\cxx-framework\src\traditional\proc\p18f458.asm
                   RXB1D3   0x000f59       data     extern E:\c18v3.46\pic18-lt\cxx-framework\src\traditional\proc\p18f458.asm
               RXB1D3bits   0x000f59       data     extern E:\c18v3.46\pic18-lt\cxx-framework\src\traditional\proc\p18f458.asm
                   RXB1D4   0x000f5a       data     extern E:\c18v3.46\pic18-lt\cxx-framework\src\traditional\proc\p18f458.asm
               RXB1D4bits   0x000f5a       data     extern E:\c18v3.46\pic18-lt\cxx-framework\src\traditional\proc\p18f458.asm
                   RXB1D5   0x000f5b       data     extern E:\c18v3.46\pic18-lt\cxx-framework\src\traditional\proc\p18f458.asm
               RXB1D5bits   0x000f5b       data     extern E:\c18v3.46\pic18-lt\cxx-framework\src\traditional\proc\p18f458.asm
                   RXB1D6   0x000f5c       data     extern E:\c18v3.46\pic18-lt\cxx-framework\src\traditional\proc\p18f458.asm
               RXB1D6bits   0x000f5c       data     extern E:\c18v3.46\pic18-lt\cxx-framework\src\traditional\proc\p18f458.asm
                   RXB1D7   0x000f5d       data     extern E:\c18v3.46\pic18-lt\cxx-framework\src\traditional\proc\p18f458.asm
               RXB1D7bits   0x000f5d       data     extern E:\c18v3.46\pic18-lt\cxx-framework\src\traditional\proc\p18f458.asm
                  RXB1DLC   0x000f55       data     extern E:\c18v3.46\pic18-lt\cxx-framework\src\traditional\proc\p18f458.asm
              RXB1DLCbits   0x000f55       data     extern E:\c18v3.46\pic18-lt\cxx-framework\src\traditional\proc\p18f458.asm
                 RXB1EIDH   0x000f53       data     extern E:\c18v3.46\pic18-lt\cxx-framework\src\traditional\proc\p18f458.asm
             RXB1EIDHbits   0x000f53       data     extern E:\c18v3.46\pic18-lt\cxx-framework\src\traditional\proc\p18f458.asm
                 RXB1EIDL   0x000f54       data     extern E:\c18v3.46\pic18-lt\cxx-framework\src\traditional\proc\p18f458.asm
             RXB1EIDLbits   0x000f54       data     extern E:\c18v3.46\pic18-lt\cxx-framework\src\traditional\proc\p18f458.asm
                 RXB1SIDH   0x000f51       data     extern E:\c18v3.46\pic18-lt\cxx-framework\src\traditional\proc\p18f458.asm
             RXB1SIDHbits   0x000f51       data     extern E:\c18v3.46\pic18-lt\cxx-framework\src\traditional\proc\p18f458.asm
                 RXB1SIDL   0x000f52       data     extern E:\c18v3.46\pic18-lt\cxx-framework\src\traditional\proc\p18f458.asm
             RXB1SIDLbits   0x000f52       data     extern E:\c18v3.46\pic18-lt\cxx-framework\src\traditional\proc\p18f458.asm
                 RXERRCNT   0x000f75       data     extern E:\c18v3.46\pic18-lt\cxx-framework\src\traditional\proc\p18f458.asm
             RXERRCNTbits   0x000f75       data     extern E:\c18v3.46\pic18-lt\cxx-framework\src\traditional\proc\p18f458.asm
                 RXF0EIDH   0x000f02       data     extern E:\c18v3.46\pic18-lt\cxx-framework\src\traditional\proc\p18f458.asm
             RXF0EIDHbits   0x000f02       data     extern E:\c18v3.46\pic18-lt\cxx-framework\src\traditional\proc\p18f458.asm
                 RXF0EIDL   0x000f03       data     extern E:\c18v3.46\pic18-lt\cxx-framework\src\traditional\proc\p18f458.asm
             RXF0EIDLbits   0x000f03       data     extern E:\c18v3.46\pic18-lt\cxx-framework\src\traditional\proc\p18f458.asm
                 RXF0SIDH   0x000f00       data     extern E:\c18v3.46\pic18-lt\cxx-framework\src\traditional\proc\p18f458.asm
             RXF0SIDHbits   0x000f00       data     extern E:\c18v3.46\pic18-lt\cxx-framework\src\traditional\proc\p18f458.asm
                 RXF0SIDL   0x000f01       data     extern E:\c18v3.46\pic18-lt\cxx-framework\src\traditional\proc\p18f458.asm
             RXF0SIDLbits   0x000f01       data     extern E:\c18v3.46\pic18-lt\cxx-framework\src\traditional\proc\p18f458.asm
                 RXF1EIDH   0x000f06       data     extern E:\c18v3.46\pic18-lt\cxx-framework\src\traditional\proc\p18f458.asm
             RXF1EIDHbits   0x000f06       data     extern E:\c18v3.46\pic18-lt\cxx-framework\src\traditional\proc\p18f458.asm
                 RXF1EIDL   0x000f07       data     extern E:\c18v3.46\pic18-lt\cxx-framework\src\traditional\proc\p18f458.asm
             RXF1EIDLbits   0x000f07       data     extern E:\c18v3.46\pic18-lt\cxx-framework\src\traditional\proc\p18f458.asm
                 RXF1SIDH   0x000f04       data     extern E:\c18v3.46\pic18-lt\cxx-framework\src\traditional\proc\p18f458.asm
             RXF1SIDHbits   0x000f04       data     extern E:\c18v3.46\pic18-lt\cxx-framework\src\traditional\proc\p18f458.asm
                 RXF1SIDL   0x000f05       data     extern E:\c18v3.46\pic18-lt\cxx-framework\src\traditional\proc\p18f458.asm
             RXF1SIDLbits   0x000f05       data     extern E:\c18v3.46\pic18-lt\cxx-framework\src\traditional\proc\p18f458.asm
                 RXF2EIDH   0x000f0a       data     extern E:\c18v3.46\pic18-lt\cxx-framework\src\traditional\proc\p18f458.asm
             RXF2EIDHbits   0x000f0a       data     extern E:\c18v3.46\pic18-lt\cxx-framework\src\traditional\proc\p18f458.asm
                 RXF2EIDL   0x000f0b       data     extern E:\c18v3.46\pic18-lt\cxx-framework\src\traditional\proc\p18f458.asm
             RXF2EIDLbits   0x000f0b       data     extern E:\c18v3.46\pic18-lt\cxx-framework\src\traditional\proc\p18f458.asm
                 RXF2SIDH   0x000f08       data     extern E:\c18v3.46\pic18-lt\cxx-framework\src\traditional\proc\p18f458.asm
             RXF2SIDHbits   0x000f08       data     extern E:\c18v3.46\pic18-lt\cxx-framework\src\traditional\proc\p18f458.asm
                 RXF2SIDL   0x000f09       data     extern E:\c18v3.46\pic18-lt\cxx-framework\src\traditional\proc\p18f458.asm
             RXF2SIDLbits   0x000f09       data     extern E:\c18v3.46\pic18-lt\cxx-framework\src\traditional\proc\p18f458.asm
                 RXF3EIDH   0x000f0e       data     extern E:\c18v3.46\pic18-lt\cxx-framework\src\traditional\proc\p18f458.asm
             RXF3EIDHbits   0x000f0e       data     extern E:\c18v3.46\pic18-lt\cxx-framework\src\traditional\proc\p18f458.asm
                 RXF3EIDL   0x000f0f       data     extern E:\c18v3.46\pic18-lt\cxx-framework\src\traditional\proc\p18f458.asm
             RXF3EIDLbits   0x000f0f       data     extern E:\c18v3.46\pic18-lt\cxx-framework\src\traditional\proc\p18f458.asm
                 RXF3SIDH   0x000f0c       data     extern E:\c18v3.46\pic18-lt\cxx-framework\src\traditional\proc\p18f458.asm
             RXF3SIDHbits   0x000f0c       data     extern E:\c18v3.46\pic18-lt\cxx-framework\src\traditional\proc\p18f458.asm
                 RXF3SIDL   0x000f0d       data     extern E:\c18v3.46\pic18-lt\cxx-framework\src\traditional\proc\p18f458.asm
             RXF3SIDLbits   0x000f0d       data     extern E:\c18v3.46\pic18-lt\cxx-framework\src\traditional\proc\p18f458.asm
                 RXF4EIDH   0x000f12       data     extern E:\c18v3.46\pic18-lt\cxx-framework\src\traditional\proc\p18f458.asm
             RXF4EIDHbits   0x000f12       data     extern E:\c18v3.46\pic18-lt\cxx-framework\src\traditional\proc\p18f458.asm
                 RXF4EIDL   0x000f13       data     extern E:\c18v3.46\pic18-lt\cxx-framework\src\traditional\proc\p18f458.asm
             RXF4EIDLbits   0x000f13       data     extern E:\c18v3.46\pic18-lt\cxx-framework\src\traditional\proc\p18f458.asm
                 RXF4SIDH   0x000f10       data     extern E:\c18v3.46\pic18-lt\cxx-framework\src\traditional\proc\p18f458.asm
             RXF4SIDHbits   0x000f10       data     extern E:\c18v3.46\pic18-lt\cxx-framework\src\traditional\proc\p18f458.asm
                 RXF4SIDL   0x000f11       data     extern E:\c18v3.46\pic18-lt\cxx-framework\src\traditional\proc\p18f458.asm
             RXF4SIDLbits   0x000f11       data     extern E:\c18v3.46\pic18-lt\cxx-framework\src\traditional\proc\p18f458.asm
                 RXF5EIDH   0x000f16       data     extern E:\c18v3.46\pic18-lt\cxx-framework\src\traditional\proc\p18f458.asm
             RXF5EIDHbits   0x000f16       data     extern E:\c18v3.46\pic18-lt\cxx-framework\src\traditional\proc\p18f458.asm
                 RXF5EIDL   0x000f17       data     extern E:\c18v3.46\pic18-lt\cxx-framework\src\traditional\proc\p18f458.asm
             RXF5EIDLbits   0x000f17       data     extern E:\c18v3.46\pic18-lt\cxx-framework\src\traditional\proc\p18f458.asm
                 RXF5SIDH   0x000f14       data     extern E:\c18v3.46\pic18-lt\cxx-framework\src\traditional\proc\p18f458.asm
             RXF5SIDHbits   0x000f14       data     extern E:\c18v3.46\pic18-lt\cxx-framework\src\traditional\proc\p18f458.asm
                 RXF5SIDL   0x000f15       data     extern E:\c18v3.46\pic18-lt\cxx-framework\src\traditional\proc\p18f458.asm
             RXF5SIDLbits   0x000f15       data     extern E:\c18v3.46\pic18-lt\cxx-framework\src\traditional\proc\p18f458.asm
                 RXM0EIDH   0x000f1a       data     extern E:\c18v3.46\pic18-lt\cxx-framework\src\traditional\proc\p18f458.asm
             RXM0EIDHbits   0x000f1a       data     extern E:\c18v3.46\pic18-lt\cxx-framework\src\traditional\proc\p18f458.asm
                 RXM0EIDL   0x000f1b       data     extern E:\c18v3.46\pic18-lt\cxx-framework\src\traditional\proc\p18f458.asm
             RXM0EIDLbits   0x000f1b       data     extern E:\c18v3.46\pic18-lt\cxx-framework\src\traditional\proc\p18f458.asm
                 RXM0SIDH   0x000f18       data     extern E:\c18v3.46\pic18-lt\cxx-framework\src\traditional\proc\p18f458.asm
             RXM0SIDHbits   0x000f18       data     extern E:\c18v3.46\pic18-lt\cxx-framework\src\traditional\proc\p18f458.asm
                 RXM0SIDL   0x000f19       data     extern E:\c18v3.46\pic18-lt\cxx-framework\src\traditional\proc\p18f458.asm
             RXM0SIDLbits   0x000f19       data     extern E:\c18v3.46\pic18-lt\cxx-framework\src\traditional\proc\p18f458.asm
                 RXM1EIDH   0x000f1e       data     extern E:\c18v3.46\pic18-lt\cxx-framework\src\traditional\proc\p18f458.asm
             RXM1EIDHbits   0x000f1e       data     extern E:\c18v3.46\pic18-lt\cxx-framework\src\traditional\proc\p18f458.asm
                 RXM1EIDL   0x000f1f       data     extern E:\c18v3.46\pic18-lt\cxx-framework\src\traditional\proc\p18f458.asm
             RXM1EIDLbits   0x000f1f       data     extern E:\c18v3.46\pic18-lt\cxx-framework\src\traditional\proc\p18f458.asm
                 RXM1SIDH   0x000f1c       data     extern E:\c18v3.46\pic18-lt\cxx-framework\src\traditional\proc\p18f458.asm
             RXM1SIDHbits   0x000f1c       data     extern E:\c18v3.46\pic18-lt\cxx-framework\src\traditional\proc\p18f458.asm
                 RXM1SIDL   0x000f1d       data     extern E:\c18v3.46\pic18-lt\cxx-framework\src\traditional\proc\p18f458.asm
             RXM1SIDLbits   0x000f1d       data     extern E:\c18v3.46\pic18-lt\cxx-framework\src\traditional\proc\p18f458.asm
                     SIGN   0x00000e       data     extern E:\c18v3.46\pic18-lt\cxx-framework\src\traditional\math\cmath18.asm
                    SPBRG   0x000faf       data     extern E:\c18v3.46\pic18-lt\cxx-framework\src\traditional\proc\p18f458.asm
                   SSPADD   0x000fc8       data     extern E:\c18v3.46\pic18-lt\cxx-framework\src\traditional\proc\p18f458.asm
                   SSPBUF   0x000fc9       data     extern E:\c18v3.46\pic18-lt\cxx-framework\src\traditional\proc\p18f458.asm
                  SSPCON1   0x000fc6       data     extern E:\c18v3.46\pic18-lt\cxx-framework\src\traditional\proc\p18f458.asm
              SSPCON1bits   0x000fc6       data     extern E:\c18v3.46\pic18-lt\cxx-framework\src\traditional\proc\p18f458.asm
                  SSPCON2   0x000fc5       data     extern E:\c18v3.46\pic18-lt\cxx-framework\src\traditional\proc\p18f458.asm
              SSPCON2bits   0x000fc5       data     extern E:\c18v3.46\pic18-lt\cxx-framework\src\traditional\proc\p18f458.asm
                  SSPSTAT   0x000fc7       data     extern E:\c18v3.46\pic18-lt\cxx-framework\src\traditional\proc\p18f458.asm
              SSPSTATbits   0x000fc7       data     extern E:\c18v3.46\pic18-lt\cxx-framework\src\traditional\proc\p18f458.asm
                   STATUS   0x000fd8       data     extern E:\c18v3.46\pic18-lt\cxx-framework\src\traditional\proc\p18f458.asm
               STATUSbits   0x000fd8       data     extern E:\c18v3.46\pic18-lt\cxx-framework\src\traditional\proc\p18f458.asm
                   STKPTR   0x000ffc       data     extern E:\c18v3.46\pic18-lt\cxx-framework\src\traditional\proc\p18f458.asm
               STKPTRbits   0x000ffc       data     extern E:\c18v3.46\pic18-lt\cxx-framework\src\traditional\proc\p18f458.asm
                    T0CON   0x000fd5       data     extern E:\c18v3.46\pic18-lt\cxx-framework\src\traditional\proc\p18f458.asm
                T0CONbits   0x000fd5       data     extern E:\c18v3.46\pic18-lt\cxx-framework\src\traditional\proc\p18f458.asm
                    T1CON   0x000fcd       data     extern E:\c18v3.46\pic18-lt\cxx-framework\src\traditional\proc\p18f458.asm
                T1CONbits   0x000fcd       data     extern E:\c18v3.46\pic18-lt\cxx-framework\src\traditional\proc\p18f458.asm
                    T2CON   0x000fca       data     extern E:\c18v3.46\pic18-lt\cxx-framework\src\traditional\proc\p18f458.asm
                T2CONbits   0x000fca       data     extern E:\c18v3.46\pic18-lt\cxx-framework\src\traditional\proc\p18f458.asm
                    T3CON   0x000fb1       data     extern E:\c18v3.46\pic18-lt\cxx-framework\src\traditional\proc\p18f458.asm
                T3CONbits   0x000fb1       data     extern E:\c18v3.46\pic18-lt\cxx-framework\src\traditional\proc\p18f458.asm
                   TABLAT   0x000ff5       data     extern E:\c18v3.46\pic18-lt\cxx-framework\src\traditional\proc\p18f458.asm
                   TBLPTR   0x000ff6       data     extern E:\c18v3.46\pic18-lt\cxx-framework\src\traditional\proc\p18f458.asm
                  TBLPTRH   0x000ff7       data     extern E:\c18v3.46\pic18-lt\cxx-framework\src\traditional\proc\p18f458.asm
                  TBLPTRL   0x000ff6       data     extern E:\c18v3.46\pic18-lt\cxx-framework\src\traditional\proc\p18f458.asm
                  TBLPTRU   0x000ff8       data     extern E:\c18v3.46\pic18-lt\cxx-framework\src\traditional\proc\p18f458.asm
                    TMR0H   0x000fd7       data     extern E:\c18v3.46\pic18-lt\cxx-framework\src\traditional\proc\p18f458.asm
                    TMR0L   0x000fd6       data     extern E:\c18v3.46\pic18-lt\cxx-framework\src\traditional\proc\p18f458.asm
                    TMR1H   0x000fcf       data     extern E:\c18v3.46\pic18-lt\cxx-framework\src\traditional\proc\p18f458.asm
                    TMR1L   0x000fce       data     extern E:\c18v3.46\pic18-lt\cxx-framework\src\traditional\proc\p18f458.asm
                     TMR2   0x000fcc       data     extern E:\c18v3.46\pic18-lt\cxx-framework\src\traditional\proc\p18f458.asm
                    TMR3H   0x000fb3       data     extern E:\c18v3.46\pic18-lt\cxx-framework\src\traditional\proc\p18f458.asm
                    TMR3L   0x000fb2       data     extern E:\c18v3.46\pic18-lt\cxx-framework\src\traditional\proc\p18f458.asm
                      TOS   0x000ffd       data     extern E:\c18v3.46\pic18-lt\cxx-framework\src\traditional\proc\p18f458.asm
                     TOSH   0x000ffe       data     extern E:\c18v3.46\pic18-lt\cxx-framework\src\traditional\proc\p18f458.asm
                     TOSL   0x000ffd       data     extern E:\c18v3.46\pic18-lt\cxx-framework\src\traditional\proc\p18f458.asm
                     TOSU   0x000fff       data     extern E:\c18v3.46\pic18-lt\cxx-framework\src\traditional\proc\p18f458.asm
                    TRISA   0x000f92       data     extern E:\c18v3.46\pic18-lt\cxx-framework\src\traditional\proc\p18f458.asm
                TRISAbits   0x000f92       data     extern E:\c18v3.46\pic18-lt\cxx-framework\src\traditional\proc\p18f458.asm
                    TRISB   0x000f93       data     extern E:\c18v3.46\pic18-lt\cxx-framework\src\traditional\proc\p18f458.asm
                TRISBbits   0x000f93       data     extern E:\c18v3.46\pic18-lt\cxx-framework\src\traditional\proc\p18f458.asm
                    TRISC   0x000f94       data     extern E:\c18v3.46\pic18-lt\cxx-framework\src\traditional\proc\p18f458.asm
                TRISCbits   0x000f94       data     extern E:\c18v3.46\pic18-lt\cxx-framework\src\traditional\proc\p18f458.asm
                    TRISD   0x000f95       data     extern E:\c18v3.46\pic18-lt\cxx-framework\src\traditional\proc\p18f458.asm
                TRISDbits   0x000f95       data     extern E:\c18v3.46\pic18-lt\cxx-framework\src\traditional\proc\p18f458.asm
                    TRISE   0x000f96       data     extern E:\c18v3.46\pic18-lt\cxx-framework\src\traditional\proc\p18f458.asm
                TRISEbits   0x000f96       data     extern E:\c18v3.46\pic18-lt\cxx-framework\src\traditional\proc\p18f458.asm
                  TXB0CON   0x000f40       data     extern E:\c18v3.46\pic18-lt\cxx-framework\src\traditional\proc\p18f458.asm
              TXB0CONbits   0x000f40       data     extern E:\c18v3.46\pic18-lt\cxx-framework\src\traditional\proc\p18f458.asm
                   TXB0D0   0x000f46       data     extern E:\c18v3.46\pic18-lt\cxx-framework\src\traditional\proc\p18f458.asm
               TXB0D0bits   0x000f46       data     extern E:\c18v3.46\pic18-lt\cxx-framework\src\traditional\proc\p18f458.asm
                   TXB0D1   0x000f47       data     extern E:\c18v3.46\pic18-lt\cxx-framework\src\traditional\proc\p18f458.asm
               TXB0D1bits   0x000f47       data     extern E:\c18v3.46\pic18-lt\cxx-framework\src\traditional\proc\p18f458.asm
                   TXB0D2   0x000f48       data     extern E:\c18v3.46\pic18-lt\cxx-framework\src\traditional\proc\p18f458.asm
               TXB0D2bits   0x000f48       data     extern E:\c18v3.46\pic18-lt\cxx-framework\src\traditional\proc\p18f458.asm
                   TXB0D3   0x000f49       data     extern E:\c18v3.46\pic18-lt\cxx-framework\src\traditional\proc\p18f458.asm
               TXB0D3bits   0x000f49       data     extern E:\c18v3.46\pic18-lt\cxx-framework\src\traditional\proc\p18f458.asm
                   TXB0D4   0x000f4a       data     extern E:\c18v3.46\pic18-lt\cxx-framework\src\traditional\proc\p18f458.asm
               TXB0D4bits   0x000f4a       data     extern E:\c18v3.46\pic18-lt\cxx-framework\src\traditional\proc\p18f458.asm
                   TXB0D5   0x000f4b       data     extern E:\c18v3.46\pic18-lt\cxx-framework\src\traditional\proc\p18f458.asm
               TXB0D5bits   0x000f4b       data     extern E:\c18v3.46\pic18-lt\cxx-framework\src\traditional\proc\p18f458.asm
                   TXB0D6   0x000f4c       data     extern E:\c18v3.46\pic18-lt\cxx-framework\src\traditional\proc\p18f458.asm
               TXB0D6bits   0x000f4c       data     extern E:\c18v3.46\pic18-lt\cxx-framework\src\traditional\proc\p18f458.asm
                   TXB0D7   0x000f4d       data     extern E:\c18v3.46\pic18-lt\cxx-framework\src\traditional\proc\p18f458.asm
               TXB0D7bits   0x000f4d       data     extern E:\c18v3.46\pic18-lt\cxx-framework\src\traditional\proc\p18f458.asm
                  TXB0DLC   0x000f45       data     extern E:\c18v3.46\pic18-lt\cxx-framework\src\traditional\proc\p18f458.asm
              TXB0DLCbits   0x000f45       data     extern E:\c18v3.46\pic18-lt\cxx-framework\src\traditional\proc\p18f458.asm
                 TXB0EIDH   0x000f43       data     extern E:\c18v3.46\pic18-lt\cxx-framework\src\traditional\proc\p18f458.asm
             TXB0EIDHbits   0x000f43       data     extern E:\c18v3.46\pic18-lt\cxx-framework\src\traditional\proc\p18f458.asm
                 TXB0EIDL   0x000f44       data     extern E:\c18v3.46\pic18-lt\cxx-framework\src\traditional\proc\p18f458.asm
             TXB0EIDLbits   0x000f44       data     extern E:\c18v3.46\pic18-lt\cxx-framework\src\traditional\proc\p18f458.asm
                 TXB0SIDH   0x000f41       data     extern E:\c18v3.46\pic18-lt\cxx-framework\src\traditional\proc\p18f458.asm
             TXB0SIDHbits   0x000f41       data     extern E:\c18v3.46\pic18-lt\cxx-framework\src\traditional\proc\p18f458.asm
                 TXB0SIDL   0x000f42       data     extern E:\c18v3.46\pic18-lt\cxx-framework\src\traditional\proc\p18f458.asm
             TXB0SIDLbits   0x000f42       data     extern E:\c18v3.46\pic18-lt\cxx-framework\src\traditional\proc\p18f458.asm
                  TXB1CON   0x000f30       data     extern E:\c18v3.46\pic18-lt\cxx-framework\src\traditional\proc\p18f458.asm
              TXB1CONbits   0x000f30       data     extern E:\c18v3.46\pic18-lt\cxx-framework\src\traditional\proc\p18f458.asm
                   TXB1D0   0x000f36       data     extern E:\c18v3.46\pic18-lt\cxx-framework\src\traditional\proc\p18f458.asm
               TXB1D0bits   0x000f36       data     extern E:\c18v3.46\pic18-lt\cxx-framework\src\traditional\proc\p18f458.asm
                   TXB1D1   0x000f37       data     extern E:\c18v3.46\pic18-lt\cxx-framework\src\traditional\proc\p18f458.asm
               TXB1D1bits   0x000f37       data     extern E:\c18v3.46\pic18-lt\cxx-framework\src\traditional\proc\p18f458.asm
                   TXB1D2   0x000f38       data     extern E:\c18v3.46\pic18-lt\cxx-framework\src\traditional\proc\p18f458.asm
               TXB1D2bits   0x000f38       data     extern E:\c18v3.46\pic18-lt\cxx-framework\src\traditional\proc\p18f458.asm
                   TXB1D3   0x000f39       data     extern E:\c18v3.46\pic18-lt\cxx-framework\src\traditional\proc\p18f458.asm
               TXB1D3bits   0x000f39       data     extern E:\c18v3.46\pic18-lt\cxx-framework\src\traditional\proc\p18f458.asm
                   TXB1D4   0x000f3a       data     extern E:\c18v3.46\pic18-lt\cxx-framework\src\traditional\proc\p18f458.asm
               TXB1D4bits   0x000f3a       data     extern E:\c18v3.46\pic18-lt\cxx-framework\src\traditional\proc\p18f458.asm
                   TXB1D5   0x000f3b       data     extern E:\c18v3.46\pic18-lt\cxx-framework\src\traditional\proc\p18f458.asm
               TXB1D5bits   0x000f3b       data     extern E:\c18v3.46\pic18-lt\cxx-framework\src\traditional\proc\p18f458.asm
                   TXB1D6   0x000f3c       data     extern E:\c18v3.46\pic18-lt\cxx-framework\src\traditional\proc\p18f458.asm
               TXB1D6bits   0x000f3c       data     extern E:\c18v3.46\pic18-lt\cxx-framework\src\traditional\proc\p18f458.asm
                   TXB1D7   0x000f3d       data     extern E:\c18v3.46\pic18-lt\cxx-framework\src\traditional\proc\p18f458.asm
               TXB1D7bits   0x000f3d       data     extern E:\c18v3.46\pic18-lt\cxx-framework\src\traditional\proc\p18f458.asm
                  TXB1DLC   0x000f35       data     extern E:\c18v3.46\pic18-lt\cxx-framework\src\traditional\proc\p18f458.asm
              TXB1DLCbits   0x000f35       data     extern E:\c18v3.46\pic18-lt\cxx-framework\src\traditional\proc\p18f458.asm
                 TXB1EIDH   0x000f33       data     extern E:\c18v3.46\pic18-lt\cxx-framework\src\traditional\proc\p18f458.asm
             TXB1EIDHbits   0x000f33       data     extern E:\c18v3.46\pic18-lt\cxx-framework\src\traditional\proc\p18f458.asm
                 TXB1EIDL   0x000f34       data     extern E:\c18v3.46\pic18-lt\cxx-framework\src\traditional\proc\p18f458.asm
             TXB1EIDLbits   0x000f34       data     extern E:\c18v3.46\pic18-lt\cxx-framework\src\traditional\proc\p18f458.asm
                 TXB1SIDH   0x000f31       data     extern E:\c18v3.46\pic18-lt\cxx-framework\src\traditional\proc\p18f458.asm
             TXB1SIDHbits   0x000f31       data     extern E:\c18v3.46\pic18-lt\cxx-framework\src\traditional\proc\p18f458.asm
                 TXB1SIDL   0x000f32       data     extern E:\c18v3.46\pic18-lt\cxx-framework\src\traditional\proc\p18f458.asm
             TXB1SIDLbits   0x000f32       data     extern E:\c18v3.46\pic18-lt\cxx-framework\src\traditional\proc\p18f458.asm
                  TXB2CON   0x000f20       data     extern E:\c18v3.46\pic18-lt\cxx-framework\src\traditional\proc\p18f458.asm
              TXB2CONbits   0x000f20       data     extern E:\c18v3.46\pic18-lt\cxx-framework\src\traditional\proc\p18f458.asm
                   TXB2D0   0x000f26       data     extern E:\c18v3.46\pic18-lt\cxx-framework\src\traditional\proc\p18f458.asm
               TXB2D0bits   0x000f26       data     extern E:\c18v3.46\pic18-lt\cxx-framework\src\traditional\proc\p18f458.asm
                   TXB2D1   0x000f27       data     extern E:\c18v3.46\pic18-lt\cxx-framework\src\traditional\proc\p18f458.asm
               TXB2D1bits   0x000f27       data     extern E:\c18v3.46\pic18-lt\cxx-framework\src\traditional\proc\p18f458.asm
                   TXB2D2   0x000f28       data     extern E:\c18v3.46\pic18-lt\cxx-framework\src\traditional\proc\p18f458.asm
               TXB2D2bits   0x000f28       data     extern E:\c18v3.46\pic18-lt\cxx-framework\src\traditional\proc\p18f458.asm
                   TXB2D3   0x000f29       data     extern E:\c18v3.46\pic18-lt\cxx-framework\src\traditional\proc\p18f458.asm
               TXB2D3bits   0x000f29       data     extern E:\c18v3.46\pic18-lt\cxx-framework\src\traditional\proc\p18f458.asm
                   TXB2D4   0x000f2a       data     extern E:\c18v3.46\pic18-lt\cxx-framework\src\traditional\proc\p18f458.asm
               TXB2D4bits   0x000f2a       data     extern E:\c18v3.46\pic18-lt\cxx-framework\src\traditional\proc\p18f458.asm
                   TXB2D5   0x000f2b       data     extern E:\c18v3.46\pic18-lt\cxx-framework\src\traditional\proc\p18f458.asm
               TXB2D5bits   0x000f2b       data     extern E:\c18v3.46\pic18-lt\cxx-framework\src\traditional\proc\p18f458.asm
                   TXB2D6   0x000f2c       data     extern E:\c18v3.46\pic18-lt\cxx-framework\src\traditional\proc\p18f458.asm
               TXB2D6bits   0x000f2c       data     extern E:\c18v3.46\pic18-lt\cxx-framework\src\traditional\proc\p18f458.asm
                   TXB2D7   0x000f2d       data     extern E:\c18v3.46\pic18-lt\cxx-framework\src\traditional\proc\p18f458.asm
               TXB2D7bits   0x000f2d       data     extern E:\c18v3.46\pic18-lt\cxx-framework\src\traditional\proc\p18f458.asm
                  TXB2DLC   0x000f25       data     extern E:\c18v3.46\pic18-lt\cxx-framework\src\traditional\proc\p18f458.asm
              TXB2DLCbits   0x000f25       data     extern E:\c18v3.46\pic18-lt\cxx-framework\src\traditional\proc\p18f458.asm
                 TXB2EIDH   0x000f23       data     extern E:\c18v3.46\pic18-lt\cxx-framework\src\traditional\proc\p18f458.asm
             TXB2EIDHbits   0x000f23       data     extern E:\c18v3.46\pic18-lt\cxx-framework\src\traditional\proc\p18f458.asm
                 TXB2EIDL   0x000f24       data     extern E:\c18v3.46\pic18-lt\cxx-framework\src\traditional\proc\p18f458.asm
             TXB2EIDLbits   0x000f24       data     extern E:\c18v3.46\pic18-lt\cxx-framework\src\traditional\proc\p18f458.asm
                 TXB2SIDH   0x000f21       data     extern E:\c18v3.46\pic18-lt\cxx-framework\src\traditional\proc\p18f458.asm
             TXB2SIDHbits   0x000f21       data     extern E:\c18v3.46\pic18-lt\cxx-framework\src\traditional\proc\p18f458.asm
                 TXB2SIDL   0x000f22       data     extern E:\c18v3.46\pic18-lt\cxx-framework\src\traditional\proc\p18f458.asm
             TXB2SIDLbits   0x000f22       data     extern E:\c18v3.46\pic18-lt\cxx-framework\src\traditional\proc\p18f458.asm
                 TXERRCNT   0x000f76       data     extern E:\c18v3.46\pic18-lt\cxx-framework\src\traditional\proc\p18f458.asm
             TXERRCNTbits   0x000f76       data     extern E:\c18v3.46\pic18-lt\cxx-framework\src\traditional\proc\p18f458.asm
                    TXREG   0x000fad       data     extern E:\c18v3.46\pic18-lt\cxx-framework\src\traditional\proc\p18f458.asm
                    TXSTA   0x000fac       data     extern E:\c18v3.46\pic18-lt\cxx-framework\src\traditional\proc\p18f458.asm
                TXSTAbits   0x000fac       data     extern E:\c18v3.46\pic18-lt\cxx-framework\src\traditional\proc\p18f458.asm
                        W   0x000fe8       data     extern E:\c18v3.46\pic18-lt\cxx-framework\src\traditional\proc\p18f458.asm
                   WDTCON   0x000fd1       data     extern E:\c18v3.46\pic18-lt\cxx-framework\src\traditional\proc\p18f458.asm
               WDTCONbits   0x000fd1       data     extern E:\c18v3.46\pic18-lt\cxx-framework\src\traditional\proc\p18f458.asm
                     WREG   0x000fe8       data     extern E:\c18v3.46\pic18-lt\cxx-framework\src\traditional\proc\p18f458.asm
                 __AARGB0   0x000007       data     extern E:\c18v3.46\pic18-lt\cxx-framework\src\traditional\math\aarg.asm
                 __AARGB1   0x000006       data     extern E:\c18v3.46\pic18-lt\cxx-framework\src\traditional\math\aarg.asm
                 __AARGB2   0x000005       data     extern E:\c18v3.46\pic18-lt\cxx-framework\src\traditional\math\aarg.asm
                 __AARGB3   0x000004       data     extern E:\c18v3.46\pic18-lt\cxx-framework\src\traditional\math\aarg.asm
                 __AARGB4   0x000003       data     extern E:\c18v3.46\pic18-lt\cxx-framework\src\traditional\math\aarg.asm
                 __AARGB5   0x000002       data     extern E:\c18v3.46\pic18-lt\cxx-framework\src\traditional\math\aarg.asm
                 __AARGB6   0x000001       data     extern E:\c18v3.46\pic18-lt\cxx-framework\src\traditional\math\aarg.asm
                 __AARGB7   0x000000       data     extern E:\c18v3.46\pic18-lt\cxx-framework\src\traditional\math\aarg.asm
                   __AEXP   0x000008       data     extern E:\c18v3.46\pic18-lt\cxx-framework\src\traditional\math\aarg.asm
                 __BARGB0   0x00000c       data     extern E:\c18v3.46\pic18-lt\cxx-framework\src\traditional\math\barg.asm
                 __BARGB1   0x00000b       data     extern E:\c18v3.46\pic18-lt\cxx-framework\src\traditional\math\barg.asm
                 __BARGB2   0x00000a       data     extern E:\c18v3.46\pic18-lt\cxx-framework\src\traditional\math\barg.asm
                 __BARGB3   0x000009       data     extern E:\c18v3.46\pic18-lt\cxx-framework\src\traditional\math\barg.asm
                   __BEXP   0x00000d       data     extern E:\c18v3.46\pic18-lt\cxx-framework\src\traditional\math\barg.asm
                __FPFLAGS   0x00000f       data     extern E:\c18v3.46\pic18-lt\cxx-framework\src\traditional\math\cmath18.asm
            __FPFLAGSbits   0x00000f       data     extern E:\c18v3.46\pic18-lt\cxx-framework\src\traditional\math\cmath18.asm
                  __REMB0   0x000003       data     extern E:\c18v3.46\pic18-lt\cxx-framework\src\traditional\math\aarg.asm
                  __REMB1   0x000002       data     extern E:\c18v3.46\pic18-lt\cxx-framework\src\traditional\math\aarg.asm
                  __REMB2   0x000001       data     extern E:\c18v3.46\pic18-lt\cxx-framework\src\traditional\math\aarg.asm
                  __REMB3   0x000000       data     extern E:\c18v3.46\pic18-lt\cxx-framework\src\traditional\math\aarg.asm
                  __tmp_0   0x000010       data     static C:\Users\Gaurav\Desktop\New folder (2)\main.c
                  __tmp_0   0x000010       data     static C:\Users\Gaurav\Desktop\New folder (2)\lcd16.c
                    count   0x00006a       data     extern C:\Users\Gaurav\Desktop\New folder (2)\main.c
                curr_byte   0x000063       data     static E:\c18v3.46\pic18-lt\cxx-framework\src\traditional\startup\c018i.c
               curr_entry   0x000065       data     static E:\c18v3.46\pic18-lt\cxx-framework\src\traditional\startup\c018i.c
                 data_ptr   0x000067       data     static E:\c18v3.46\pic18-lt\cxx-framework\src\traditional\startup\c018i.c
                 oldstate   0x00006b       data     static C:\Users\Gaurav\Desktop\New folder (2)\main.c
                     prom   0x000060       data     static E:\c18v3.46\pic18-lt\cxx-framework\src\traditional\startup\c018i.c



                              Symbols - Sorted by Address
                     Name    Address   Location    Storage File                     
                ---------  ---------  ---------  --------- ---------                
                   _entry   0x000000    program     extern E:\c18v3.46\pic18-lt\cxx-framework\src\traditional\startup\c018i.c
       ___return_lbl00000   0x000004    program     static                          
                   highPI   0x000008    program     extern C:\Users\Gaurav\Desktop\New folder (2)\main.c
       ___return_lbl00000   0x00000c    program     static                          
                   lcdCmd   0x00000e    program     extern C:\Users\Gaurav\Desktop\New folder (2)\lcd16.c
                  lcdData   0x00004c    program     extern C:\Users\Gaurav\Desktop\New folder (2)\lcd16.c
                  lcdInit   0x00008c    program     extern C:\Users\Gaurav\Desktop\New folder (2)\lcd16.c
                  waitLcd   0x00011a    program     extern C:\Users\Gaurav\Desktop\New folder (2)\lcd16.c
                   gotoXy   0x000148    program     extern C:\Users\Gaurav\Desktop\New folder (2)\lcd16.c
                   prints   0x000180    program     extern C:\Users\Gaurav\Desktop\New folder (2)\lcd16.c
                 clearLcd   0x0001d0    program     extern C:\Users\Gaurav\Desktop\New folder (2)\lcd16.c
                 numToLcd   0x0001da    program     extern C:\Users\Gaurav\Desktop\New folder (2)\lcd16.c
                  callISR   0x000248    program     extern C:\Users\Gaurav\Desktop\New folder (2)\main.c
                     main   0x0002de    program     extern C:\Users\Gaurav\Desktop\New folder (2)\main.c
                 pbchange   0x000310    program     extern C:\Users\Gaurav\Desktop\New folder (2)\main.c
                _do_cinit   0x000396    program     extern E:\c18v3.46\pic18-lt\cxx-framework\src\traditional\startup\c018i.c
                     test   0x0003b0    program     static                          
                copy_loop   0x000408    program     static                          
            copy_one_byte   0x00040e    program     static                          
             done_copying   0x00041c    program     static                          
       ___return_lbl00002   0x000432    program     static                          
                     done   0x000432    program     static                          
              Delay1KTCYx   0x000434    program     extern E:\c18v3.46\pic18-lt\cxx-framework\src\traditional\delays\d1ktcyx.asm
                     D1Kx   0x00043e    program     static E:\c18v3.46\pic18-lt\cxx-framework\src\traditional\delays\d1ktcyx.asm
                    D1K_1   0x000440    program     static E:\c18v3.46\pic18-lt\cxx-framework\src\traditional\delays\d1ktcyx.asm
        _D1KTCYXCODE_0010   0x000444    program     static E:\c18v3.46\pic18-lt\cxx-framework\src\traditional\delays\d1ktcyx.asm
        _D1KTCYXCODE_0016   0x00044a    program     static E:\c18v3.46\pic18-lt\cxx-framework\src\traditional\delays\d1ktcyx.asm
            __zero_memory   0x000454    program     extern E:\c18v3.46\pic18-lt\cxx-framework\src\traditional\proc\p18f458.asm
               zero_block   0x000462    program     static E:\c18v3.46\pic18-lt\cxx-framework\src\traditional\proc\p18f458.asm
                   loop_h   0x000462    program     static E:\c18v3.46\pic18-lt\cxx-framework\src\traditional\proc\p18f458.asm
                compare_l   0x00046a    program     static E:\c18v3.46\pic18-lt\cxx-framework\src\traditional\proc\p18f458.asm
                   loop_l   0x00046c    program     static E:\c18v3.46\pic18-lt\cxx-framework\src\traditional\proc\p18f458.asm
                 _startup   0x000474    program     extern E:\c18v3.46\pic18-lt\cxx-framework\src\traditional\startup\c018i.c
                     loop   0x000484    program     static                          
       ___return_lbl00001   0x00048e    program     static                          
                 FXD0808U   0x000490    program     extern E:\c18v3.46\pic18-lt\cxx-framework\src\traditional\math\fxd0808u.c
                     loop   0x000498    program     static                          
                  endloop   0x0004a6    program     static                          
       ___return_lbl00000   0x0004aa    program     static                          
               __string_0   0x0004ac    program     static C:\Users\Gaurav\Desktop\New folder (2)\main.c
                   __init   0x0004b6    program     extern E:\c18v3.46\pic18-lt\cxx-framework\src\traditional\stdclib\__init.c
               __config_0   0x300001    program     static C:\Users\Gaurav\Desktop\New folder (2)\main.c
               __config_1   0x300002    program     static C:\Users\Gaurav\Desktop\New folder (2)\main.c
               __config_2   0x300003    program     static C:\Users\Gaurav\Desktop\New folder (2)\main.c
               __config_3   0x300006    program     static C:\Users\Gaurav\Desktop\New folder (2)\main.c
                 __AARGB7   0x000000       data     extern E:\c18v3.46\pic18-lt\cxx-framework\src\traditional\math\aarg.asm
                  __REMB3   0x000000       data     extern E:\c18v3.46\pic18-lt\cxx-framework\src\traditional\math\aarg.asm
                  __REMB2   0x000001       data     extern E:\c18v3.46\pic18-lt\cxx-framework\src\traditional\math\aarg.asm
                 __AARGB6   0x000001       data     extern E:\c18v3.46\pic18-lt\cxx-framework\src\traditional\math\aarg.asm
                  __REMB1   0x000002       data     extern E:\c18v3.46\pic18-lt\cxx-framework\src\traditional\math\aarg.asm
                 __AARGB5   0x000002       data     extern E:\c18v3.46\pic18-lt\cxx-framework\src\traditional\math\aarg.asm
                  __REMB0   0x000003       data     extern E:\c18v3.46\pic18-lt\cxx-framework\src\traditional\math\aarg.asm
                 __AARGB4   0x000003       data     extern E:\c18v3.46\pic18-lt\cxx-framework\src\traditional\math\aarg.asm
                 __AARGB3   0x000004       data     extern E:\c18v3.46\pic18-lt\cxx-framework\src\traditional\math\aarg.asm
                 __AARGB2   0x000005       data     extern E:\c18v3.46\pic18-lt\cxx-framework\src\traditional\math\aarg.asm
                 __AARGB1   0x000006       data     extern E:\c18v3.46\pic18-lt\cxx-framework\src\traditional\math\aarg.asm
                 __AARGB0   0x000007       data     extern E:\c18v3.46\pic18-lt\cxx-framework\src\traditional\math\aarg.asm
                   __AEXP   0x000008       data     extern E:\c18v3.46\pic18-lt\cxx-framework\src\traditional\math\aarg.asm
                 __BARGB3   0x000009       data     extern E:\c18v3.46\pic18-lt\cxx-framework\src\traditional\math\barg.asm
                 __BARGB2   0x00000a       data     extern E:\c18v3.46\pic18-lt\cxx-framework\src\traditional\math\barg.asm
                 __BARGB1   0x00000b       data     extern E:\c18v3.46\pic18-lt\cxx-framework\src\traditional\math\barg.asm
                 __BARGB0   0x00000c       data     extern E:\c18v3.46\pic18-lt\cxx-framework\src\traditional\math\barg.asm
                   __BEXP   0x00000d       data     extern E:\c18v3.46\pic18-lt\cxx-framework\src\traditional\math\barg.asm
                     SIGN   0x00000e       data     extern E:\c18v3.46\pic18-lt\cxx-framework\src\traditional\math\cmath18.asm
                __FPFLAGS   0x00000f       data     extern E:\c18v3.46\pic18-lt\cxx-framework\src\traditional\math\cmath18.asm
            __FPFLAGSbits   0x00000f       data     extern E:\c18v3.46\pic18-lt\cxx-framework\src\traditional\math\cmath18.asm
                  __tmp_0   0x000010       data     static C:\Users\Gaurav\Desktop\New folder (2)\main.c
                  __tmp_0   0x000010       data     static C:\Users\Gaurav\Desktop\New folder (2)\lcd16.c
            DelayCounter1   0x000012       data     extern E:\c18v3.46\pic18-lt\cxx-framework\src\traditional\delays\delayd1.asm
                     prom   0x000060       data     static E:\c18v3.46\pic18-lt\cxx-framework\src\traditional\startup\c018i.c
                curr_byte   0x000063       data     static E:\c18v3.46\pic18-lt\cxx-framework\src\traditional\startup\c018i.c
               curr_entry   0x000065       data     static E:\c18v3.46\pic18-lt\cxx-framework\src\traditional\startup\c018i.c
                 data_ptr   0x000067       data     static E:\c18v3.46\pic18-lt\cxx-framework\src\traditional\startup\c018i.c
                    count   0x00006a       data     extern C:\Users\Gaurav\Desktop\New folder (2)\main.c
                 oldstate   0x00006b       data     static C:\Users\Gaurav\Desktop\New folder (2)\main.c
             RXF0SIDHbits   0x000f00       data     extern E:\c18v3.46\pic18-lt\cxx-framework\src\traditional\proc\p18f458.asm
                 RXF0SIDH   0x000f00       data     extern E:\c18v3.46\pic18-lt\cxx-framework\src\traditional\proc\p18f458.asm
             RXF0SIDLbits   0x000f01       data     extern E:\c18v3.46\pic18-lt\cxx-framework\src\traditional\proc\p18f458.asm
                 RXF0SIDL   0x000f01       data     extern E:\c18v3.46\pic18-lt\cxx-framework\src\traditional\proc\p18f458.asm
             RXF0EIDHbits   0x000f02       data     extern E:\c18v3.46\pic18-lt\cxx-framework\src\traditional\proc\p18f458.asm
                 RXF0EIDH   0x000f02       data     extern E:\c18v3.46\pic18-lt\cxx-framework\src\traditional\proc\p18f458.asm
             RXF0EIDLbits   0x000f03       data     extern E:\c18v3.46\pic18-lt\cxx-framework\src\traditional\proc\p18f458.asm
                 RXF0EIDL   0x000f03       data     extern E:\c18v3.46\pic18-lt\cxx-framework\src\traditional\proc\p18f458.asm
             RXF1SIDHbits   0x000f04       data     extern E:\c18v3.46\pic18-lt\cxx-framework\src\traditional\proc\p18f458.asm
                 RXF1SIDH   0x000f04       data     extern E:\c18v3.46\pic18-lt\cxx-framework\src\traditional\proc\p18f458.asm
                 RXF1SIDL   0x000f05       data     extern E:\c18v3.46\pic18-lt\cxx-framework\src\traditional\proc\p18f458.asm
             RXF1SIDLbits   0x000f05       data     extern E:\c18v3.46\pic18-lt\cxx-framework\src\traditional\proc\p18f458.asm
                 RXF1EIDH   0x000f06       data     extern E:\c18v3.46\pic18-lt\cxx-framework\src\traditional\proc\p18f458.asm
             RXF1EIDHbits   0x000f06       data     extern E:\c18v3.46\pic18-lt\cxx-framework\src\traditional\proc\p18f458.asm
             RXF1EIDLbits   0x000f07       data     extern E:\c18v3.46\pic18-lt\cxx-framework\src\traditional\proc\p18f458.asm
                 RXF1EIDL   0x000f07       data     extern E:\c18v3.46\pic18-lt\cxx-framework\src\traditional\proc\p18f458.asm
                 RXF2SIDH   0x000f08       data     extern E:\c18v3.46\pic18-lt\cxx-framework\src\traditional\proc\p18f458.asm
             RXF2SIDHbits   0x000f08       data     extern E:\c18v3.46\pic18-lt\cxx-framework\src\traditional\proc\p18f458.asm
                 RXF2SIDL   0x000f09       data     extern E:\c18v3.46\pic18-lt\cxx-framework\src\traditional\proc\p18f458.asm
             RXF2SIDLbits   0x000f09       data     extern E:\c18v3.46\pic18-lt\cxx-framework\src\traditional\proc\p18f458.asm
             RXF2EIDHbits   0x000f0a       data     extern E:\c18v3.46\pic18-lt\cxx-framework\src\traditional\proc\p18f458.asm
                 RXF2EIDH   0x000f0a       data     extern E:\c18v3.46\pic18-lt\cxx-framework\src\traditional\proc\p18f458.asm
                 RXF2EIDL   0x000f0b       data     extern E:\c18v3.46\pic18-lt\cxx-framework\src\traditional\proc\p18f458.asm
             RXF2EIDLbits   0x000f0b       data     extern E:\c18v3.46\pic18-lt\cxx-framework\src\traditional\proc\p18f458.asm
             RXF3SIDHbits   0x000f0c       data     extern E:\c18v3.46\pic18-lt\cxx-framework\src\traditional\proc\p18f458.asm
                 RXF3SIDH   0x000f0c       data     extern E:\c18v3.46\pic18-lt\cxx-framework\src\traditional\proc\p18f458.asm
             RXF3SIDLbits   0x000f0d       data     extern E:\c18v3.46\pic18-lt\cxx-framework\src\traditional\proc\p18f458.asm
                 RXF3SIDL   0x000f0d       data     extern E:\c18v3.46\pic18-lt\cxx-framework\src\traditional\proc\p18f458.asm
                 RXF3EIDH   0x000f0e       data     extern E:\c18v3.46\pic18-lt\cxx-framework\src\traditional\proc\p18f458.asm
             RXF3EIDHbits   0x000f0e       data     extern E:\c18v3.46\pic18-lt\cxx-framework\src\traditional\proc\p18f458.asm
                 RXF3EIDL   0x000f0f       data     extern E:\c18v3.46\pic18-lt\cxx-framework\src\traditional\proc\p18f458.asm
             RXF3EIDLbits   0x000f0f       data     extern E:\c18v3.46\pic18-lt\cxx-framework\src\traditional\proc\p18f458.asm
             RXF4SIDHbits   0x000f10       data     extern E:\c18v3.46\pic18-lt\cxx-framework\src\traditional\proc\p18f458.asm
                 RXF4SIDH   0x000f10       data     extern E:\c18v3.46\pic18-lt\cxx-framework\src\traditional\proc\p18f458.asm
                 RXF4SIDL   0x000f11       data     extern E:\c18v3.46\pic18-lt\cxx-framework\src\traditional\proc\p18f458.asm
             RXF4SIDLbits   0x000f11       data     extern E:\c18v3.46\pic18-lt\cxx-framework\src\traditional\proc\p18f458.asm
                 RXF4EIDH   0x000f12       data     extern E:\c18v3.46\pic18-lt\cxx-framework\src\traditional\proc\p18f458.asm
             RXF4EIDHbits   0x000f12       data     extern E:\c18v3.46\pic18-lt\cxx-framework\src\traditional\proc\p18f458.asm
                 RXF4EIDL   0x000f13       data     extern E:\c18v3.46\pic18-lt\cxx-framework\src\traditional\proc\p18f458.asm
             RXF4EIDLbits   0x000f13       data     extern E:\c18v3.46\pic18-lt\cxx-framework\src\traditional\proc\p18f458.asm
                 RXF5SIDH   0x000f14       data     extern E:\c18v3.46\pic18-lt\cxx-framework\src\traditional\proc\p18f458.asm
             RXF5SIDHbits   0x000f14       data     extern E:\c18v3.46\pic18-lt\cxx-framework\src\traditional\proc\p18f458.asm
                 RXF5SIDL   0x000f15       data     extern E:\c18v3.46\pic18-lt\cxx-framework\src\traditional\proc\p18f458.asm
[...]
                     DDRB   0x000f93       data     extern E:\c18v3.46\pic18-lt\cxx-framework\src\traditional\proc\p18f458.asm
                 DDRBbits   0x000f93       data     extern E:\c18v3.46\pic18-lt\cxx-framework\src\traditional\proc\p18f458.asm
                TRISCbits   0x000f94       data     extern E:\c18v3.46\pic18-lt\cxx-framework\src\traditional\proc\p18f458.asm
                 DDRCbits   0x000f94       data     extern E:\c18v3.46\pic18-lt\cxx-framework\src\traditional\proc\p18f458.asm
                     DDRC   0x000f94       data     extern E:\c18v3.46\pic18-lt\cxx-framework\src\traditional\proc\p18f458.asm
                    TRISC   0x000f94       data     extern E:\c18v3.46\pic18-lt\cxx-framework\src\traditional\proc\p18f458.asm
                    TRISD   0x000f95       data     extern E:\c18v3.46\pic18-lt\cxx-framework\src\traditional\proc\p18f458.asm
                TRISDbits   0x000f95       data     extern E:\c18v3.46\pic18-lt\cxx-framework\src\traditional\proc\p18f458.asm
                     DDRD   0x000f95       data     extern E:\c18v3.46\pic18-lt\cxx-framework\src\traditional\proc\p18f458.asm
                 DDRDbits   0x000f95       data     extern E:\c18v3.46\pic18-lt\cxx-framework\src\traditional\proc\p18f458.asm
                     DDRE   0x000f96       data     extern E:\c18v3.46\pic18-lt\cxx-framework\src\traditional\proc\p18f458.asm
                 DDREbits   0x000f96       data     extern E:\c18v3.46\pic18-lt\cxx-framework\src\traditional\proc\p18f458.asm
                    TRISE   0x000f96       data     extern E:\c18v3.46\pic18-lt\cxx-framework\src\traditional\proc\p18f458.asm
                TRISEbits   0x000f96       data     extern E:\c18v3.46\pic18-lt\cxx-framework\src\traditional\proc\p18f458.asm
                     PIE1   0x000f9d       data     extern E:\c18v3.46\pic18-lt\cxx-framework\src\traditional\proc\p18f458.asm
                 PIE1bits   0x000f9d       data     extern E:\c18v3.46\pic18-lt\cxx-framework\src\traditional\proc\p18f458.asm
                 PIR1bits   0x000f9e       data     extern E:\c18v3.46\pic18-lt\cxx-framework\src\traditional\proc\p18f458.asm
                     PIR1   0x000f9e       data     extern E:\c18v3.46\pic18-lt\cxx-framework\src\traditional\proc\p18f458.asm
                 IPR1bits   0x000f9f       data     extern E:\c18v3.46\pic18-lt\cxx-framework\src\traditional\proc\p18f458.asm
                     IPR1   0x000f9f       data     extern E:\c18v3.46\pic18-lt\cxx-framework\src\traditional\proc\p18f458.asm
                     PIE2   0x000fa0       data     extern E:\c18v3.46\pic18-lt\cxx-framework\src\traditional\proc\p18f458.asm
                 PIE2bits   0x000fa0       data     extern E:\c18v3.46\pic18-lt\cxx-framework\src\traditional\proc\p18f458.asm
                 PIR2bits   0x000fa1       data     extern E:\c18v3.46\pic18-lt\cxx-framework\src\traditional\proc\p18f458.asm
                     PIR2   0x000fa1       data     extern E:\c18v3.46\pic18-lt\cxx-framework\src\traditional\proc\p18f458.asm
                 IPR2bits   0x000fa2       data     extern E:\c18v3.46\pic18-lt\cxx-framework\src\traditional\proc\p18f458.asm
                     IPR2   0x000fa2       data     extern E:\c18v3.46\pic18-lt\cxx-framework\src\traditional\proc\p18f458.asm
                     PIE3   0x000fa3       data     extern E:\c18v3.46\pic18-lt\cxx-framework\src\traditional\proc\p18f458.asm
                 PIE3bits   0x000fa3       data     extern E:\c18v3.46\pic18-lt\cxx-framework\src\traditional\proc\p18f458.asm
                     PIR3   0x000fa4       data     extern E:\c18v3.46\pic18-lt\cxx-framework\src\traditional\proc\p18f458.asm
                 PIR3bits   0x000fa4       data     extern E:\c18v3.46\pic18-lt\cxx-framework\src\traditional\proc\p18f458.asm
                 IPR3bits   0x000fa5       data     extern E:\c18v3.46\pic18-lt\cxx-framework\src\traditional\proc\p18f458.asm
                     IPR3   0x000fa5       data     extern E:\c18v3.46\pic18-lt\cxx-framework\src\traditional\proc\p18f458.asm
                   EECON1   0x000fa6       data     extern E:\c18v3.46\pic18-lt\cxx-framework\src\traditional\proc\p18f458.asm
               EECON1bits   0x000fa6       data     extern E:\c18v3.46\pic18-lt\cxx-framework\src\traditional\proc\p18f458.asm
                   EECON2   0x000fa7       data     extern E:\c18v3.46\pic18-lt\cxx-framework\src\traditional\proc\p18f458.asm
                   EEDATA   0x000fa8       data     extern E:\c18v3.46\pic18-lt\cxx-framework\src\traditional\proc\p18f458.asm
                    EEADR   0x000fa9       data     extern E:\c18v3.46\pic18-lt\cxx-framework\src\traditional\proc\p18f458.asm
                    RCSTA   0x000fab       data     extern E:\c18v3.46\pic18-lt\cxx-framework\src\traditional\proc\p18f458.asm
                RCSTAbits   0x000fab       data     extern E:\c18v3.46\pic18-lt\cxx-framework\src\traditional\proc\p18f458.asm
                    TXSTA   0x000fac       data     extern E:\c18v3.46\pic18-lt\cxx-framework\src\traditional\proc\p18f458.asm
                TXSTAbits   0x000fac       data     extern E:\c18v3.46\pic18-lt\cxx-framework\src\traditional\proc\p18f458.asm
                    TXREG   0x000fad       data     extern E:\c18v3.46\pic18-lt\cxx-framework\src\traditional\proc\p18f458.asm
                    RCREG   0x000fae       data     extern E:\c18v3.46\pic18-lt\cxx-framework\src\traditional\proc\p18f458.asm
                    SPBRG   0x000faf       data     extern E:\c18v3.46\pic18-lt\cxx-framework\src\traditional\proc\p18f458.asm
                    T3CON   0x000fb1       data     extern E:\c18v3.46\pic18-lt\cxx-framework\src\traditional\proc\p18f458.asm
                T3CONbits   0x000fb1       data     extern E:\c18v3.46\pic18-lt\cxx-framework\src\traditional\proc\p18f458.asm
                    TMR3L   0x000fb2       data     extern E:\c18v3.46\pic18-lt\cxx-framework\src\traditional\proc\p18f458.asm
                    TMR3H   0x000fb3       data     extern E:\c18v3.46\pic18-lt\cxx-framework\src\traditional\proc\p18f458.asm
                CMCONbits   0x000fb4       data     extern E:\c18v3.46\pic18-lt\cxx-framework\src\traditional\proc\p18f458.asm
                    CMCON   0x000fb4       data     extern E:\c18v3.46\pic18-lt\cxx-framework\src\traditional\proc\p18f458.asm
               CVRCONbits   0x000fb5       data     extern E:\c18v3.46\pic18-lt\cxx-framework\src\traditional\proc\p18f458.asm
                   CVRCON   0x000fb5       data     extern E:\c18v3.46\pic18-lt\cxx-framework\src\traditional\proc\p18f458.asm
               ECCPASbits   0x000fb6       data     extern E:\c18v3.46\pic18-lt\cxx-framework\src\traditional\proc\p18f458.asm
                   ECCPAS   0x000fb6       data     extern E:\c18v3.46\pic18-lt\cxx-framework\src\traditional\proc\p18f458.asm
             ECCP1DELbits   0x000fb7       data     extern E:\c18v3.46\pic18-lt\cxx-framework\src\traditional\proc\p18f458.asm
                 ECCP1DEL   0x000fb7       data     extern E:\c18v3.46\pic18-lt\cxx-framework\src\traditional\proc\p18f458.asm
                 ECCP1CON   0x000fba       data     extern E:\c18v3.46\pic18-lt\cxx-framework\src\traditional\proc\p18f458.asm
             ECCP1CONbits   0x000fba       data     extern E:\c18v3.46\pic18-lt\cxx-framework\src\traditional\proc\p18f458.asm
                  ECCPR1L   0x000fbb       data     extern E:\c18v3.46\pic18-lt\cxx-framework\src\traditional\proc\p18f458.asm
                   ECCPR1   0x000fbb       data     extern E:\c18v3.46\pic18-lt\cxx-framework\src\traditional\proc\p18f458.asm
                  ECCPR1H   0x000fbc       data     extern E:\c18v3.46\pic18-lt\cxx-framework\src\traditional\proc\p18f458.asm
                  CCP1CON   0x000fbd       data     extern E:\c18v3.46\pic18-lt\cxx-framework\src\traditional\proc\p18f458.asm
              CCP1CONbits   0x000fbd       data     extern E:\c18v3.46\pic18-lt\cxx-framework\src\traditional\proc\p18f458.asm
                    CCPR1   0x000fbe       data     extern E:\c18v3.46\pic18-lt\cxx-framework\src\traditional\proc\p18f458.asm
                   CCPR1L   0x000fbe       data     extern E:\c18v3.46\pic18-lt\cxx-framework\src\traditional\proc\p18f458.asm
                   CCPR1H   0x000fbf       data     extern E:\c18v3.46\pic18-lt\cxx-framework\src\traditional\proc\p18f458.asm
               ADCON1bits   0x000fc1       data     extern E:\c18v3.46\pic18-lt\cxx-framework\src\traditional\proc\p18f458.asm
                   ADCON1   0x000fc1       data     extern E:\c18v3.46\pic18-lt\cxx-framework\src\traditional\proc\p18f458.asm
               ADCON0bits   0x000fc2       data     extern E:\c18v3.46\pic18-lt\cxx-framework\src\traditional\proc\p18f458.asm
                   ADCON0   0x000fc2       data     extern E:\c18v3.46\pic18-lt\cxx-framework\src\traditional\proc\p18f458.asm
                    ADRES   0x000fc3       data     extern E:\c18v3.46\pic18-lt\cxx-framework\src\traditional\proc\p18f458.asm
                   ADRESL   0x000fc3       data     extern E:\c18v3.46\pic18-lt\cxx-framework\src\traditional\proc\p18f458.asm
                   ADRESH   0x000fc4       data     extern E:\c18v3.46\pic18-lt\cxx-framework\src\traditional\proc\p18f458.asm
              SSPCON2bits   0x000fc5       data     extern E:\c18v3.46\pic18-lt\cxx-framework\src\traditional\proc\p18f458.asm
                  SSPCON2   0x000fc5       data     extern E:\c18v3.46\pic18-lt\cxx-framework\src\traditional\proc\p18f458.asm
              SSPCON1bits   0x000fc6       data     extern E:\c18v3.46\pic18-lt\cxx-framework\src\traditional\proc\p18f458.asm
                  SSPCON1   0x000fc6       data     extern E:\c18v3.46\pic18-lt\cxx-framework\src\traditional\proc\p18f458.asm
              SSPSTATbits   0x000fc7       data     extern E:\c18v3.46\pic18-lt\cxx-framework\src\traditional\proc\p18f458.asm
                  SSPSTAT   0x000fc7       data     extern E:\c18v3.46\pic18-lt\cxx-framework\src\traditional\proc\p18f458.asm
                   SSPADD   0x000fc8       data     extern E:\c18v3.46\pic18-lt\cxx-framework\src\traditional\proc\p18f458.asm
                   SSPBUF   0x000fc9       data     extern E:\c18v3.46\pic18-lt\cxx-framework\src\traditional\proc\p18f458.asm
                    T2CON   0x000fca       data     extern E:\c18v3.46\pic18-lt\cxx-framework\src\traditional\proc\p18f458.asm
                T2CONbits   0x000fca       data     extern E:\c18v3.46\pic18-lt\cxx-framework\src\traditional\proc\p18f458.asm
                      PR2   0x000fcb       data     extern E:\c18v3.46\pic18-lt\cxx-framework\src\traditional\proc\p18f458.asm
                     TMR2   0x000fcc       data     extern E:\c18v3.46\pic18-lt\cxx-framework\src\traditional\proc\p18f458.asm
                T1CONbits   0x000fcd       data     extern E:\c18v3.46\pic18-lt\cxx-framework\src\traditional\proc\p18f458.asm
                    T1CON   0x000fcd       data     extern E:\c18v3.46\pic18-lt\cxx-framework\src\traditional\proc\p18f458.asm
                    TMR1L   0x000fce       data     extern E:\c18v3.46\pic18-lt\cxx-framework\src\traditional\proc\p18f458.asm
                    TMR1H   0x000fcf       data     extern E:\c18v3.46\pic18-lt\cxx-framework\src\traditional\proc\p18f458.asm
                     RCON   0x000fd0       data     extern E:\c18v3.46\pic18-lt\cxx-framework\src\traditional\proc\p18f458.asm
                 RCONbits   0x000fd0       data     extern E:\c18v3.46\pic18-lt\cxx-framework\src\traditional\proc\p18f458.asm
                   WDTCON   0x000fd1       data     extern E:\c18v3.46\pic18-lt\cxx-framework\src\traditional\proc\p18f458.asm
               WDTCONbits   0x000fd1       data     extern E:\c18v3.46\pic18-lt\cxx-framework\src\traditional\proc\p18f458.asm
                   LVDCON   0x000fd2       data     extern E:\c18v3.46\pic18-lt\cxx-framework\src\traditional\proc\p18f458.asm
               LVDCONbits   0x000fd2       data     extern E:\c18v3.46\pic18-lt\cxx-framework\src\traditional\proc\p18f458.asm
                   OSCCON   0x000fd3       data     extern E:\c18v3.46\pic18-lt\cxx-framework\src\traditional\proc\p18f458.asm
               OSCCONbits   0x000fd3       data     extern E:\c18v3.46\pic18-lt\cxx-framework\src\traditional\proc\p18f458.asm
                T0CONbits   0x000fd5       data     extern E:\c18v3.46\pic18-lt\cxx-framework\src\traditional\proc\p18f458.asm
                    T0CON   0x000fd5       data     extern E:\c18v3.46\pic18-lt\cxx-framework\src\traditional\proc\p18f458.asm
                    TMR0L   0x000fd6       data     extern E:\c18v3.46\pic18-lt\cxx-framework\src\traditional\proc\p18f458.asm
                    TMR0H   0x000fd7       data     extern E:\c18v3.46\pic18-lt\cxx-framework\src\traditional\proc\p18f458.asm
                   STATUS   0x000fd8       data     extern E:\c18v3.46\pic18-lt\cxx-framework\src\traditional\proc\p18f458.asm
               STATUSbits   0x000fd8       data     extern E:\c18v3.46\pic18-lt\cxx-framework\src\traditional\proc\p18f458.asm
                    FSR2L   0x000fd9       data     extern E:\c18v3.46\pic18-lt\cxx-framework\src\traditional\proc\p18f458.asm
                     FSR2   0x000fd9       data     extern E:\c18v3.46\pic18-lt\cxx-framework\src\traditional\proc\p18f458.asm
                    FSR2H   0x000fda       data     extern E:\c18v3.46\pic18-lt\cxx-framework\src\traditional\proc\p18f458.asm
                   PLUSW2   0x000fdb       data     extern E:\c18v3.46\pic18-lt\cxx-framework\src\traditional\proc\p18f458.asm
                  PREINC2   0x000fdc       data     extern E:\c18v3.46\pic18-lt\cxx-framework\src\traditional\proc\p18f458.asm
                 POSTDEC2   0x000fdd       data     extern E:\c18v3.46\pic18-lt\cxx-framework\src\traditional\proc\p18f458.asm
                 POSTINC2   0x000fde       data     extern E:\c18v3.46\pic18-lt\cxx-framework\src\traditional\proc\p18f458.asm
                    INDF2   0x000fdf       data     extern E:\c18v3.46\pic18-lt\cxx-framework\src\traditional\proc\p18f458.asm
                      BSR   0x000fe0       data     extern E:\c18v3.46\pic18-lt\cxx-framework\src\traditional\proc\p18f458.asm
                     FSR1   0x000fe1       data     extern E:\c18v3.46\pic18-lt\cxx-framework\src\traditional\proc\p18f458.asm
                    FSR1L   0x000fe1       data     extern E:\c18v3.46\pic18-lt\cxx-framework\src\traditional\proc\p18f458.asm
                    FSR1H   0x000fe2       data     extern E:\c18v3.46\pic18-lt\cxx-framework\src\traditional\proc\p18f458.asm
                   PLUSW1   0x000fe3       data     extern E:\c18v3.46\pic18-lt\cxx-framework\src\traditional\proc\p18f458.asm
                  PREINC1   0x000fe4       data     extern E:\c18v3.46\pic18-lt\cxx-framework\src\traditional\proc\p18f458.asm
                 POSTDEC1   0x000fe5       data     extern E:\c18v3.46\pic18-lt\cxx-framework\src\traditional\proc\p18f458.asm
                 POSTINC1   0x000fe6       data     extern E:\c18v3.46\pic18-lt\cxx-framework\src\traditional\proc\p18f458.asm
                    INDF1   0x000fe7       data     extern E:\c18v3.46\pic18-lt\cxx-framework\src\traditional\proc\p18f458.asm
                        W   0x000fe8       data     extern E:\c18v3.46\pic18-lt\cxx-framework\src\traditional\proc\p18f458.asm
                     WREG   0x000fe8       data     extern E:\c18v3.46\pic18-lt\cxx-framework\src\traditional\proc\p18f458.asm
                     FSR0   0x000fe9       data     extern E:\c18v3.46\pic18-lt\cxx-framework\src\traditional\proc\p18f458.asm
                    FSR0L   0x000fe9       data     extern E:\c18v3.46\pic18-lt\cxx-framework\src\traditional\proc\p18f458.asm
                    FSR0H   0x000fea       data     extern E:\c18v3.46\pic18-lt\cxx-framework\src\traditional\proc\p18f458.asm
                   PLUSW0   0x000feb       data     extern E:\c18v3.46\pic18-lt\cxx-framework\src\traditional\proc\p18f458.asm
                  PREINC0   0x000fec       data     extern E:\c18v3.46\pic18-lt\cxx-framework\src\traditional\proc\p18f458.asm
                 POSTDEC0   0x000fed       data     extern E:\c18v3.46\pic18-lt\cxx-framework\src\traditional\proc\p18f458.asm
                 POSTINC0   0x000fee       data     extern E:\c18v3.46\pic18-lt\cxx-framework\src\traditional\proc\p18f458.asm
                    INDF0   0x000fef       data     extern E:\c18v3.46\pic18-lt\cxx-framework\src\traditional\proc\p18f458.asm
              INTCON3bits   0x000ff0       data     extern E:\c18v3.46\pic18-lt\cxx-framework\src\traditional\proc\p18f458.asm
                  INTCON3   0x000ff0       data     extern E:\c18v3.46\pic18-lt\cxx-framework\src\traditional\proc\p18f458.asm
                  INTCON2   0x000ff1       data     extern E:\c18v3.46\pic18-lt\cxx-framework\src\traditional\proc\p18f458.asm
              INTCON2bits   0x000ff1       data     extern E:\c18v3.46\pic18-lt\cxx-framework\src\traditional\proc\p18f458.asm
              INTCON1bits   0x000ff2       data     extern E:\c18v3.46\pic18-lt\cxx-framework\src\traditional\proc\p18f458.asm
                  INTCON1   0x000ff2       data     extern E:\c18v3.46\pic18-lt\cxx-framework\src\traditional\proc\p18f458.asm
               INTCONbits   0x000ff2       data     extern E:\c18v3.46\pic18-lt\cxx-framework\src\traditional\proc\p18f458.asm
                   INTCON   0x000ff2       data     extern E:\c18v3.46\pic18-lt\cxx-framework\src\traditional\proc\p18f458.asm
                     PROD   0x000ff3       data     extern E:\c18v3.46\pic18-lt\cxx-framework\src\traditional\proc\p18f458.asm
                    PRODL   0x000ff3       data     extern E:\c18v3.46\pic18-lt\cxx-framework\src\traditional\proc\p18f458.asm
                    PRODH   0x000ff4       data     extern E:\c18v3.46\pic18-lt\cxx-framework\src\traditional\proc\p18f458.asm
                   TABLAT   0x000ff5       data     extern E:\c18v3.46\pic18-lt\cxx-framework\src\traditional\proc\p18f458.asm
                   TBLPTR   0x000ff6       data     extern E:\c18v3.46\pic18-lt\cxx-framework\src\traditional\proc\p18f458.asm
                  TBLPTRL   0x000ff6       data     extern E:\c18v3.46\pic18-lt\cxx-framework\src\traditional\proc\p18f458.asm
                  TBLPTRH   0x000ff7       data     extern E:\c18v3.46\pic18-lt\cxx-framework\src\traditional\proc\p18f458.asm
                  TBLPTRU   0x000ff8       data     extern E:\c18v3.46\pic18-lt\cxx-framework\src\traditional\proc\p18f458.asm
                       PC   0x000ff9       data     extern E:\c18v3.46\pic18-lt\cxx-framework\src\traditional\proc\p18f458.asm
                      PCL   0x000ff9       data     extern E:\c18v3.46\pic18-lt\cxx-framework\src\traditional\proc\p18f458.asm
                   PCLATH   0x000ffa       data     extern E:\c18v3.46\pic18-lt\cxx-framework\src\traditional\proc\p18f458.asm
                   PCLATU   0x000ffb       data     extern E:\c18v3.46\pic18-lt\cxx-framework\src\traditional\proc\p18f458.asm
               STKPTRbits   0x000ffc       data     extern E:\c18v3.46\pic18-lt\cxx-framework\src\traditional\proc\p18f458.asm
                   STKPTR   0x000ffc       data     extern E:\c18v3.46\pic18-lt\cxx-framework\src\traditional\proc\p18f458.asm
                      TOS   0x000ffd       data     extern E:\c18v3.46\pic18-lt\cxx-framework\src\traditional\proc\p18f458.asm
                     TOSL   0x000ffd       data     extern E:\c18v3.46\pic18-lt\cxx-framework\src\traditional\proc\p18f458.asm
                     TOSH   0x000ffe       data     extern E:\c18v3.46\pic18-lt\cxx-framework\src\traditional\proc\p18f458.asm
                     TOSU   0x000fff       data     extern E:\c18v3.46\pic18-lt\cxx-framework\src\traditional\proc\p18f458.asm


